Component: ARM Compiler 5.05 update 1 (build 106) Tool: armlink [4d0efa]

==============================================================================

Section Cross References

    startup_stm32f10x_md.o(RESET) refers to startup_stm32f10x_md.o(STACK) for __initial_sp
    startup_stm32f10x_md.o(RESET) refers to startup_stm32f10x_md.o(.text) for Reset_Handler
    startup_stm32f10x_md.o(RESET) refers to stm32f10x_it.o(.text) for NMI_Handler
    startup_stm32f10x_md.o(RESET) refers to pwm.o(.text) for TIM2_IRQHandler
    startup_stm32f10x_md.o(RESET) refers to usart.o(.text) for USART2_IRQHandler
    startup_stm32f10x_md.o(.text) refers to system_stm32f10x.o(.text) for SystemInit
    startup_stm32f10x_md.o(.text) refers to entry.o(.ARM.Collect$$$$00000000) for __main
    main.o(.text) refers to misc.o(.text) for NVIC_PriorityGroupConfig
    main.o(.text) refers to systick.o(.text) for delay_init
    main.o(.text) refers to usart.o(.text) for USART1_Config
    main.o(.text) refers to rfid.o(.text) for InitializeSystem
    main.o(.text) refers to pwm.o(.text) for TIM3_PWM_Init
    main.o(.text) refers to printf8.o(i.__0printf$8) for __2printf
    stm32f10x_it.o(.text) refers to stm32f10x_rtc.o(.text) for RTC_GetITStatus
    stm32f10x_it.o(.text) refers to stm32f10x_gpio.o(.text) for GPIO_SetBits
    stm32f10x_it.o(.text) refers to rtc_time.o(.text) for Time_Display
    stm32f10x_it.o(.text) refers to stm32f10x_it.o(.data) for systick1
    stm32f10x_adc.o(.text) refers to stm32f10x_rcc.o(.text) for RCC_APB2PeriphResetCmd
    stm32f10x_bkp.o(.text) refers to stm32f10x_rcc.o(.text) for RCC_BackupResetCmd
    stm32f10x_can.o(.text) refers to stm32f10x_rcc.o(.text) for RCC_APB1PeriphResetCmd
    stm32f10x_cec.o(.text) refers to stm32f10x_rcc.o(.text) for RCC_APB1PeriphResetCmd
    stm32f10x_dac.o(.text) refers to stm32f10x_rcc.o(.text) for RCC_APB1PeriphResetCmd
    stm32f10x_gpio.o(.text) refers to stm32f10x_rcc.o(.text) for RCC_APB2PeriphResetCmd
    stm32f10x_i2c.o(.text) refers to stm32f10x_rcc.o(.text) for RCC_APB1PeriphResetCmd
    stm32f10x_pwr.o(.text) refers to stm32f10x_rcc.o(.text) for RCC_APB1PeriphResetCmd
    stm32f10x_rcc.o(.text) refers to stm32f10x_rcc.o(.data) for APBAHBPrescTable
    stm32f10x_spi.o(.text) refers to stm32f10x_rcc.o(.text) for RCC_APB2PeriphResetCmd
    stm32f10x_tim.o(.text) refers to stm32f10x_rcc.o(.text) for RCC_APB2PeriphResetCmd
    stm32f10x_usart.o(.text) refers to stm32f10x_rcc.o(.text) for RCC_APB2PeriphResetCmd
    stm32f10x_wwdg.o(.text) refers to stm32f10x_rcc.o(.text) for RCC_APB1PeriphResetCmd
    system_stm32f10x.o(.text) refers to system_stm32f10x.o(.data) for SystemCoreClock
    led.o(.text) refers to stm32f10x_rcc.o(.text) for RCC_APB2PeriphClockCmd
    led.o(.text) refers to stm32f10x_gpio.o(.text) for GPIO_Init
    pwm.o(.text) refers to stm32f10x_tim.o(.text) for TIM_GetFlagStatus
    pwm.o(.text) refers to printf8.o(i.__0printf$8) for __2printf
    pwm.o(.text) refers to stm32f10x_rcc.o(.text) for RCC_APB1PeriphClockCmd
    pwm.o(.text) refers to misc.o(.text) for NVIC_Init
    pwm.o(.text) refers to stm32f10x_gpio.o(.text) for GPIO_PinRemapConfig
    pwm.o(.text) refers to usart.o(.data) for USART2_RX_STA
    pwm.o(.text) refers to pwm.o(.data) for count
    rtc_time.o(.text) refers to localtime_w.o(.text) for localtime
    rtc_time.o(.text) refers to memcpya.o(.text) for __aeabi_memcpy4
    rtc_time.o(.text) refers to mktime.o(.text) for mktime
    rtc_time.o(.text) refers to stm32f10x_rtc.o(.text) for RTC_GetCounter
    rtc_time.o(.text) refers to misc.o(.text) for NVIC_PriorityGroupConfig
    rtc_time.o(.text) refers to stm32f10x_rcc.o(.text) for RCC_APB1PeriphClockCmd
    rtc_time.o(.text) refers to stm32f10x_pwr.o(.text) for PWR_BackupAccessCmd
    rtc_time.o(.text) refers to stm32f10x_bkp.o(.text) for BKP_DeInit
    rtc_time.o(.text) refers to stm32f10x_usart.o(.text) for USART_GetFlagStatus
    rtc_time.o(.text) refers to printf8.o(i.__0printf$8) for __2printf
    rtc_time.o(.text) refers to memseta.o(.text) for __aeabi_memclr4
    rtc_time.o(.text) refers to rtc_time.o(.conststring) for .conststring
    spi.o(.text) refers to stm32f10x_rcc.o(.text) for RCC_APB2PeriphClockCmd
    spi.o(.text) refers to stm32f10x_gpio.o(.text) for GPIO_Init
    spi.o(.text) refers to stm32f10x_spi.o(.text) for SPI_Init
    systick.o(.text) refers to stm32f10x_rcc.o(.text) for RCC_GetClocksFreq
    systick.o(.text) refers to misc.o(.text) for SysTick_CLKSourceConfig
    systick.o(.text) refers to stm32f10x_systick.o(.text) for SysTick_ITConfig
    systick.o(.text) refers to systick.o(.data) for delay_fac_us
    usart.o(.text) refers to stm32f10x_rcc.o(.text) for RCC_APB2PeriphClockCmd
    usart.o(.text) refers to stm32f10x_gpio.o(.text) for GPIO_Init
    usart.o(.text) refers to stm32f10x_usart.o(.text) for USART_Init
    usart.o(.text) refers to misc.o(.text) for NVIC_Init
    usart.o(.text) refers to pwm.o(.text) for TIM4_Init
    usart.o(.text) refers to stm32f10x_tim.o(.text) for TIM_Cmd
    usart.o(.text) refers to usart.o(.data) for USART2_RX_STA
    usart.o(.text) refers to usart.o(.bss) for USART2_RX_BUF
    rfid.o(.text) refers to stm32f10x_rcc.o(.text) for RCC_APB2PeriphClockCmd
    rfid.o(.text) refers to stm32f10x_gpio.o(.text) for GPIO_Init
    rfid.o(.text) refers to rc522.o(.text) for delay_10ms
    rfid.o(.text) refers to printf8.o(i.__0printf$8) for __2printf
    rfid.o(.text) refers to pwm.o(.text) for open_door
    rfid.o(.text) refers to stm32f10x_tim.o(.text) for TIM_Cmd
    rfid.o(.text) refers to rfid.o(.data) for TagType
    rfid.o(.text) refers to rfid.o(.bss) for bufr
    rc522.o(.text) refers to stm32f10x_gpio.o(.text) for GPIO_ResetBits
    as608.o(.text) refers to stm32f10x_rcc.o(.text) for RCC_APB2PeriphClockCmd
    as608.o(.text) refers to stm32f10x_gpio.o(.text) for GPIO_Init
    as608.o(.text) refers to systick.o(.text) for delay_ms
    as608.o(.text) refers to strstr.o(.text) for strstr
    as608.o(.text) refers to as608.o(.data) for AS608Addr
    as608.o(.text) refers to usart.o(.data) for USART2_RX_STA
    as608.o(.text) refers to usart.o(.bss) for USART2_RX_BUF
    as608.o(.text) refers to printf8.o(i.__0printf$8) for __2printf
    entry.o(.ARM.Collect$$$$00000000) refers (Special) to entry10a.o(.ARM.Collect$$$$0000000D) for __rt_final_cpp
    entry.o(.ARM.Collect$$$$00000000) refers (Special) to entry11a.o(.ARM.Collect$$$$0000000F) for __rt_final_exit
    entry.o(.ARM.Collect$$$$00000000) refers (Special) to entry7b.o(.ARM.Collect$$$$00000008) for _main_clock
    entry.o(.ARM.Collect$$$$00000000) refers (Special) to entry8b.o(.ARM.Collect$$$$0000000A) for _main_cpp_init
    entry.o(.ARM.Collect$$$$00000000) refers (Special) to entry9a.o(.ARM.Collect$$$$0000000B) for _main_init
    entry.o(.ARM.Collect$$$$00000000) refers (Special) to entry5.o(.ARM.Collect$$$$00000004) for _main_scatterload
    entry.o(.ARM.Collect$$$$00000000) refers (Special) to entry2.o(.ARM.Collect$$$$00000001) for _main_stk
    localtime.o(.text) refers to localtime.o(.bss) for .bss
    localtime.o(.text) refers to localtime.o(.constdata) for .constdata
    mktime.o(.text) refers to localtime_i.o(.text) for _localtime
    mktime.o(.text) refers to mktime.o(.constdata) for .constdata
    printfb.o(i.__0fprintf$bare) refers to printfb.o(i._printf_core) for _printf_core
    printfb.o(i.__0fprintf$bare) refers to usart.o(.text) for fputc
    printfb.o(i.__0printf$bare) refers to printfb.o(i._printf_core) for _printf_core
    printfb.o(i.__0printf$bare) refers to usart.o(.text) for fputc
    printfb.o(i.__0printf$bare) refers to stdout.o(.data) for __stdout
    printfb.o(i.__0snprintf$bare) refers to printfb.o(i._printf_core) for _printf_core
    printfb.o(i.__0snprintf$bare) refers to printfb.o(i._snputc) for _snputc
    printfb.o(i.__0sprintf$bare) refers to printfb.o(i._printf_core) for _printf_core
    printfb.o(i.__0sprintf$bare) refers to printfb.o(i._sputc) for _sputc
    printfb.o(i.__0vfprintf$bare) refers to printfb.o(i._printf_core) for _printf_core
    printfb.o(i.__0vfprintf$bare) refers to usart.o(.text) for fputc
    printfb.o(i.__0vprintf$bare) refers to printfb.o(i._printf_core) for _printf_core
    printfb.o(i.__0vprintf$bare) refers to usart.o(.text) for fputc
    printfb.o(i.__0vprintf$bare) refers to stdout.o(.data) for __stdout
    printfb.o(i.__0vsnprintf$bare) refers to printfb.o(i._printf_core) for _printf_core
    printfb.o(i.__0vsnprintf$bare) refers to printfb.o(i._snputc) for _snputc
    printfb.o(i.__0vsprintf$bare) refers to printfb.o(i._printf_core) for _printf_core
    printfb.o(i.__0vsprintf$bare) refers to printfb.o(i._sputc) for _sputc
    printf0.o(i.__0fprintf$0) refers to printf0.o(i._printf_core) for _printf_core
    printf0.o(i.__0fprintf$0) refers to usart.o(.text) for fputc
    printf0.o(i.__0printf$0) refers to printf0.o(i._printf_core) for _printf_core
    printf0.o(i.__0printf$0) refers to usart.o(.text) for fputc
    printf0.o(i.__0printf$0) refers to stdout.o(.data) for __stdout
    printf0.o(i.__0snprintf$0) refers to printf0.o(i._printf_core) for _printf_core
    printf0.o(i.__0snprintf$0) refers to printf0.o(i._snputc) for _snputc
    printf0.o(i.__0sprintf$0) refers to printf0.o(i._printf_core) for _printf_core
    printf0.o(i.__0sprintf$0) refers to printf0.o(i._sputc) for _sputc
    printf0.o(i.__0vfprintf$0) refers to printf0.o(i._printf_core) for _printf_core
    printf0.o(i.__0vfprintf$0) refers to usart.o(.text) for fputc
    printf0.o(i.__0vprintf$0) refers to printf0.o(i._printf_core) for _printf_core
    printf0.o(i.__0vprintf$0) refers to usart.o(.text) for fputc
    printf0.o(i.__0vprintf$0) refers to stdout.o(.data) for __stdout
    printf0.o(i.__0vsnprintf$0) refers to printf0.o(i._printf_core) for _printf_core
    printf0.o(i.__0vsnprintf$0) refers to printf0.o(i._snputc) for _snputc
    printf0.o(i.__0vsprintf$0) refers to printf0.o(i._printf_core) for _printf_core
    printf0.o(i.__0vsprintf$0) refers to printf0.o(i._sputc) for _sputc
    printf1.o(i.__0fprintf$1) refers to printf1.o(i._printf_core) for _printf_core
    printf1.o(i.__0fprintf$1) refers to usart.o(.text) for fputc
    printf1.o(i.__0printf$1) refers to printf1.o(i._printf_core) for _printf_core
    printf1.o(i.__0printf$1) refers to usart.o(.text) for fputc
    printf1.o(i.__0printf$1) refers to stdout.o(.data) for __stdout
    printf1.o(i.__0snprintf$1) refers to printf1.o(i._printf_core) for _printf_core
    printf1.o(i.__0snprintf$1) refers to printf1.o(i._snputc) for _snputc
    printf1.o(i.__0sprintf$1) refers to printf1.o(i._printf_core) for _printf_core
    printf1.o(i.__0sprintf$1) refers to printf1.o(i._sputc) for _sputc
    printf1.o(i.__0vfprintf$1) refers to printf1.o(i._printf_core) for _printf_core
    printf1.o(i.__0vfprintf$1) refers to usart.o(.text) for fputc
    printf1.o(i.__0vprintf$1) refers to printf1.o(i._printf_core) for _printf_core
    printf1.o(i.__0vprintf$1) refers to usart.o(.text) for fputc
    printf1.o(i.__0vprintf$1) refers to stdout.o(.data) for __stdout
    printf1.o(i.__0vsnprintf$1) refers to printf1.o(i._printf_core) for _printf_core
    printf1.o(i.__0vsnprintf$1) refers to printf1.o(i._snputc) for _snputc
    printf1.o(i.__0vsprintf$1) refers to printf1.o(i._printf_core) for _printf_core
    printf1.o(i.__0vsprintf$1) refers to printf1.o(i._sputc) for _sputc
    printf1.o(i._printf_core) refers to uidiv.o(.text) for __aeabi_uidivmod
    printf2.o(i.__0fprintf$2) refers to printf2.o(i._printf_core) for _printf_core
    printf2.o(i.__0fprintf$2) refers to usart.o(.text) for fputc
    printf2.o(i.__0printf$2) refers to printf2.o(i._printf_core) for _printf_core
    printf2.o(i.__0printf$2) refers to usart.o(.text) for fputc
    printf2.o(i.__0printf$2) refers to stdout.o(.data) for __stdout
    printf2.o(i.__0snprintf$2) refers to printf2.o(i._printf_core) for _printf_core
    printf2.o(i.__0snprintf$2) refers to printf2.o(i._snputc) for _snputc
    printf2.o(i.__0sprintf$2) refers to printf2.o(i._printf_core) for _printf_core
    printf2.o(i.__0sprintf$2) refers to printf2.o(i._sputc) for _sputc
    printf2.o(i.__0vfprintf$2) refers to printf2.o(i._printf_core) for _printf_core
    printf2.o(i.__0vfprintf$2) refers to usart.o(.text) for fputc
    printf2.o(i.__0vprintf$2) refers to printf2.o(i._printf_core) for _printf_core
    printf2.o(i.__0vprintf$2) refers to usart.o(.text) for fputc
    printf2.o(i.__0vprintf$2) refers to stdout.o(.data) for __stdout
    printf2.o(i.__0vsnprintf$2) refers to printf2.o(i._printf_core) for _printf_core
    printf2.o(i.__0vsnprintf$2) refers to printf2.o(i._snputc) for _snputc
    printf2.o(i.__0vsprintf$2) refers to printf2.o(i._printf_core) for _printf_core
    printf2.o(i.__0vsprintf$2) refers to printf2.o(i._sputc) for _sputc
    printf3.o(i.__0fprintf$3) refers to printf3.o(i._printf_core) for _printf_core
    printf3.o(i.__0fprintf$3) refers to usart.o(.text) for fputc
    printf3.o(i.__0printf$3) refers to printf3.o(i._printf_core) for _printf_core
    printf3.o(i.__0printf$3) refers to usart.o(.text) for fputc
    printf3.o(i.__0printf$3) refers to stdout.o(.data) for __stdout
    printf3.o(i.__0snprintf$3) refers to printf3.o(i._printf_core) for _printf_core
    printf3.o(i.__0snprintf$3) refers to printf3.o(i._snputc) for _snputc
    printf3.o(i.__0sprintf$3) refers to printf3.o(i._printf_core) for _printf_core
    printf3.o(i.__0sprintf$3) refers to printf3.o(i._sputc) for _sputc
    printf3.o(i.__0vfprintf$3) refers to printf3.o(i._printf_core) for _printf_core
    printf3.o(i.__0vfprintf$3) refers to usart.o(.text) for fputc
    printf3.o(i.__0vprintf$3) refers to printf3.o(i._printf_core) for _printf_core
    printf3.o(i.__0vprintf$3) refers to usart.o(.text) for fputc
    printf3.o(i.__0vprintf$3) refers to stdout.o(.data) for __stdout
    printf3.o(i.__0vsnprintf$3) refers to printf3.o(i._printf_core) for _printf_core
    printf3.o(i.__0vsnprintf$3) refers to printf3.o(i._snputc) for _snputc
    printf3.o(i.__0vsprintf$3) refers to printf3.o(i._printf_core) for _printf_core
    printf3.o(i.__0vsprintf$3) refers to printf3.o(i._sputc) for _sputc
    printf3.o(i._printf_core) refers to uidiv.o(.text) for __aeabi_uidivmod
    printf4.o(i.__0fprintf$4) refers to printf4.o(i._printf_core) for _printf_core
    printf4.o(i.__0fprintf$4) refers to usart.o(.text) for fputc
    printf4.o(i.__0printf$4) refers to printf4.o(i._printf_core) for _printf_core
    printf4.o(i.__0printf$4) refers to usart.o(.text) for fputc
    printf4.o(i.__0printf$4) refers to stdout.o(.data) for __stdout
    printf4.o(i.__0snprintf$4) refers to printf4.o(i._printf_core) for _printf_core
    printf4.o(i.__0snprintf$4) refers to printf4.o(i._snputc) for _snputc
    printf4.o(i.__0sprintf$4) refers to printf4.o(i._printf_core) for _printf_core
    printf4.o(i.__0sprintf$4) refers to printf4.o(i._sputc) for _sputc
    printf4.o(i.__0vfprintf$4) refers to printf4.o(i._printf_core) for _printf_core
    printf4.o(i.__0vfprintf$4) refers to usart.o(.text) for fputc
    printf4.o(i.__0vprintf$4) refers to printf4.o(i._printf_core) for _printf_core
    printf4.o(i.__0vprintf$4) refers to usart.o(.text) for fputc
    printf4.o(i.__0vprintf$4) refers to stdout.o(.data) for __stdout
    printf4.o(i.__0vsnprintf$4) refers to printf4.o(i._printf_core) for _printf_core
    printf4.o(i.__0vsnprintf$4) refers to printf4.o(i._snputc) for _snputc
    printf4.o(i.__0vsprintf$4) refers to printf4.o(i._printf_core) for _printf_core
    printf4.o(i.__0vsprintf$4) refers to printf4.o(i._sputc) for _sputc
    printf4.o(i._printf_core) refers to uldiv.o(.text) for __aeabi_uldivmod
    printf5.o(i.__0fprintf$5) refers to printf5.o(i._printf_core) for _printf_core
    printf5.o(i.__0fprintf$5) refers to usart.o(.text) for fputc
    printf5.o(i.__0printf$5) refers to printf5.o(i._printf_core) for _printf_core
    printf5.o(i.__0printf$5) refers to usart.o(.text) for fputc
    printf5.o(i.__0printf$5) refers to stdout.o(.data) for __stdout
    printf5.o(i.__0snprintf$5) refers to printf5.o(i._printf_core) for _printf_core
    printf5.o(i.__0snprintf$5) refers to printf5.o(i._snputc) for _snputc
    printf5.o(i.__0sprintf$5) refers to printf5.o(i._printf_core) for _printf_core
    printf5.o(i.__0sprintf$5) refers to printf5.o(i._sputc) for _sputc
    printf5.o(i.__0vfprintf$5) refers to printf5.o(i._printf_core) for _printf_core
    printf5.o(i.__0vfprintf$5) refers to usart.o(.text) for fputc
    printf5.o(i.__0vprintf$5) refers to printf5.o(i._printf_core) for _printf_core
    printf5.o(i.__0vprintf$5) refers to usart.o(.text) for fputc
    printf5.o(i.__0vprintf$5) refers to stdout.o(.data) for __stdout
    printf5.o(i.__0vsnprintf$5) refers to printf5.o(i._printf_core) for _printf_core
    printf5.o(i.__0vsnprintf$5) refers to printf5.o(i._snputc) for _snputc
    printf5.o(i.__0vsprintf$5) refers to printf5.o(i._printf_core) for _printf_core
    printf5.o(i.__0vsprintf$5) refers to printf5.o(i._sputc) for _sputc
    printf5.o(i._printf_core) refers to uldiv.o(.text) for __aeabi_uldivmod
    printf6.o(i.__0fprintf$6) refers to printf6.o(i._printf_core) for _printf_core
    printf6.o(i.__0fprintf$6) refers to usart.o(.text) for fputc
    printf6.o(i.__0printf$6) refers to printf6.o(i._printf_core) for _printf_core
    printf6.o(i.__0printf$6) refers to usart.o(.text) for fputc
    printf6.o(i.__0printf$6) refers to stdout.o(.data) for __stdout
    printf6.o(i.__0snprintf$6) refers to printf6.o(i._printf_core) for _printf_core
    printf6.o(i.__0snprintf$6) refers to printf6.o(i._snputc) for _snputc
    printf6.o(i.__0sprintf$6) refers to printf6.o(i._printf_core) for _printf_core
    printf6.o(i.__0sprintf$6) refers to printf6.o(i._sputc) for _sputc
    printf6.o(i.__0vfprintf$6) refers to printf6.o(i._printf_core) for _printf_core
    printf6.o(i.__0vfprintf$6) refers to usart.o(.text) for fputc
    printf6.o(i.__0vprintf$6) refers to printf6.o(i._printf_core) for _printf_core
    printf6.o(i.__0vprintf$6) refers to usart.o(.text) for fputc
    printf6.o(i.__0vprintf$6) refers to stdout.o(.data) for __stdout
    printf6.o(i.__0vsnprintf$6) refers to printf6.o(i._printf_core) for _printf_core
    printf6.o(i.__0vsnprintf$6) refers to printf6.o(i._snputc) for _snputc
    printf6.o(i.__0vsprintf$6) refers to printf6.o(i._printf_core) for _printf_core
    printf6.o(i.__0vsprintf$6) refers to printf6.o(i._sputc) for _sputc
    printf6.o(i._printf_core) refers to printf6.o(i._printf_pre_padding) for _printf_pre_padding
    printf6.o(i._printf_core) refers to uidiv.o(.text) for __aeabi_uidivmod
    printf6.o(i._printf_core) refers to printf6.o(i._printf_post_padding) for _printf_post_padding
    printf7.o(i.__0fprintf$7) refers to printf7.o(i._printf_core) for _printf_core
    printf7.o(i.__0fprintf$7) refers to usart.o(.text) for fputc
    printf7.o(i.__0printf$7) refers to printf7.o(i._printf_core) for _printf_core
    printf7.o(i.__0printf$7) refers to usart.o(.text) for fputc
    printf7.o(i.__0printf$7) refers to stdout.o(.data) for __stdout
    printf7.o(i.__0snprintf$7) refers to printf7.o(i._printf_core) for _printf_core
    printf7.o(i.__0snprintf$7) refers to printf7.o(i._snputc) for _snputc
    printf7.o(i.__0sprintf$7) refers to printf7.o(i._printf_core) for _printf_core
    printf7.o(i.__0sprintf$7) refers to printf7.o(i._sputc) for _sputc
    printf7.o(i.__0vfprintf$7) refers to printf7.o(i._printf_core) for _printf_core
    printf7.o(i.__0vfprintf$7) refers to usart.o(.text) for fputc
    printf7.o(i.__0vprintf$7) refers to printf7.o(i._printf_core) for _printf_core
    printf7.o(i.__0vprintf$7) refers to usart.o(.text) for fputc
    printf7.o(i.__0vprintf$7) refers to stdout.o(.data) for __stdout
    printf7.o(i.__0vsnprintf$7) refers to printf7.o(i._printf_core) for _printf_core
    printf7.o(i.__0vsnprintf$7) refers to printf7.o(i._snputc) for _snputc
    printf7.o(i.__0vsprintf$7) refers to printf7.o(i._printf_core) for _printf_core
    printf7.o(i.__0vsprintf$7) refers to printf7.o(i._sputc) for _sputc
    printf7.o(i._printf_core) refers to printf7.o(i._printf_pre_padding) for _printf_pre_padding
    printf7.o(i._printf_core) refers to uldiv.o(.text) for __aeabi_uldivmod
    printf7.o(i._printf_core) refers to printf7.o(i._printf_post_padding) for _printf_post_padding
    printf8.o(i.__0fprintf$8) refers to printf8.o(i._printf_core) for _printf_core
    printf8.o(i.__0fprintf$8) refers to usart.o(.text) for fputc
    printf8.o(i.__0printf$8) refers to printf8.o(i._printf_core) for _printf_core
    printf8.o(i.__0printf$8) refers to usart.o(.text) for fputc
    printf8.o(i.__0printf$8) refers to stdout.o(.data) for __stdout
    printf8.o(i.__0snprintf$8) refers to printf8.o(i._printf_core) for _printf_core
    printf8.o(i.__0snprintf$8) refers to printf8.o(i._snputc) for _snputc
    printf8.o(i.__0sprintf$8) refers to printf8.o(i._printf_core) for _printf_core
    printf8.o(i.__0sprintf$8) refers to printf8.o(i._sputc) for _sputc
    printf8.o(i.__0vfprintf$8) refers to printf8.o(i._printf_core) for _printf_core
    printf8.o(i.__0vfprintf$8) refers to usart.o(.text) for fputc
    printf8.o(i.__0vprintf$8) refers to printf8.o(i._printf_core) for _printf_core
    printf8.o(i.__0vprintf$8) refers to usart.o(.text) for fputc
    printf8.o(i.__0vprintf$8) refers to stdout.o(.data) for __stdout
    printf8.o(i.__0vsnprintf$8) refers to printf8.o(i._printf_core) for _printf_core
    printf8.o(i.__0vsnprintf$8) refers to printf8.o(i._snputc) for _snputc
    printf8.o(i.__0vsprintf$8) refers to printf8.o(i._printf_core) for _printf_core
    printf8.o(i.__0vsprintf$8) refers to printf8.o(i._sputc) for _sputc
    printf8.o(i._printf_core) refers to printf8.o(i._printf_pre_padding) for _printf_pre_padding
    printf8.o(i._printf_core) refers to uldiv.o(.text) for __aeabi_uldivmod
    printf8.o(i._printf_core) refers to printf8.o(i._printf_post_padding) for _printf_post_padding
    printfa.o(i.__0fprintf) refers (Special) to iusefp.o(.text) for __I$use$fp
    printfa.o(i.__0fprintf) refers to printfa.o(i._printf_core) for _printf_core
    printfa.o(i.__0fprintf) refers to usart.o(.text) for fputc
    printfa.o(i.__0printf) refers (Special) to iusefp.o(.text) for __I$use$fp
    printfa.o(i.__0printf) refers to printfa.o(i._printf_core) for _printf_core
    printfa.o(i.__0printf) refers to usart.o(.text) for fputc
    printfa.o(i.__0printf) refers to stdout.o(.data) for __stdout
    printfa.o(i.__0snprintf) refers (Special) to iusefp.o(.text) for __I$use$fp
    printfa.o(i.__0snprintf) refers to printfa.o(i._printf_core) for _printf_core
    printfa.o(i.__0snprintf) refers to printfa.o(i._snputc) for _snputc
    printfa.o(i.__0sprintf) refers (Special) to iusefp.o(.text) for __I$use$fp
    printfa.o(i.__0sprintf) refers to printfa.o(i._printf_core) for _printf_core
    printfa.o(i.__0sprintf) refers to printfa.o(i._sputc) for _sputc
    printfa.o(i.__0vfprintf) refers (Special) to iusefp.o(.text) for __I$use$fp
    printfa.o(i.__0vfprintf) refers to printfa.o(i._printf_core) for _printf_core
    printfa.o(i.__0vfprintf) refers to usart.o(.text) for fputc
    printfa.o(i.__0vprintf) refers (Special) to iusefp.o(.text) for __I$use$fp
    printfa.o(i.__0vprintf) refers to printfa.o(i._printf_core) for _printf_core
    printfa.o(i.__0vprintf) refers to usart.o(.text) for fputc
    printfa.o(i.__0vprintf) refers to stdout.o(.data) for __stdout
    printfa.o(i.__0vsnprintf) refers (Special) to iusefp.o(.text) for __I$use$fp
    printfa.o(i.__0vsnprintf) refers to printfa.o(i._printf_core) for _printf_core
    printfa.o(i.__0vsnprintf) refers to printfa.o(i._snputc) for _snputc
    printfa.o(i.__0vsprintf) refers (Special) to iusefp.o(.text) for __I$use$fp
    printfa.o(i.__0vsprintf) refers to printfa.o(i._printf_core) for _printf_core
    printfa.o(i.__0vsprintf) refers to printfa.o(i._sputc) for _sputc
    printfa.o(i._fp_digits) refers (Special) to iusefp.o(.text) for __I$use$fp
    printfa.o(i._fp_digits) refers to dmul.o(.text) for __aeabi_dmul
    printfa.o(i._fp_digits) refers to ddiv.o(.text) for __aeabi_ddiv
    printfa.o(i._fp_digits) refers to cdrcmple.o(.text) for __aeabi_cdrcmple
    printfa.o(i._fp_digits) refers to dadd.o(.text) for __aeabi_dadd
    printfa.o(i._fp_digits) refers to dfixul.o(.text) for __aeabi_d2ulz
    printfa.o(i._fp_digits) refers to uldiv.o(.text) for __aeabi_uldivmod
    printfa.o(i._printf_core) refers (Special) to iusefp.o(.text) for __I$use$fp
    printfa.o(i._printf_core) refers to printfa.o(i._printf_pre_padding) for _printf_pre_padding
    printfa.o(i._printf_core) refers to uldiv.o(.text) for __aeabi_uldivmod
    printfa.o(i._printf_core) refers to printfa.o(i._printf_post_padding) for _printf_post_padding
    printfa.o(i._printf_core) refers to printfa.o(i._fp_digits) for _fp_digits
    printfa.o(i._printf_core) refers to uidiv.o(.text) for __aeabi_uidivmod
    printfa.o(i._printf_post_padding) refers (Special) to iusefp.o(.text) for __I$use$fp
    printfa.o(i._printf_pre_padding) refers (Special) to iusefp.o(.text) for __I$use$fp
    printfa.o(i._snputc) refers (Special) to iusefp.o(.text) for __I$use$fp
    printfa.o(i._sputc) refers (Special) to iusefp.o(.text) for __I$use$fp
    entry2.o(.ARM.Collect$$$$00000001) refers to entry2.o(.ARM.Collect$$$$00002712) for __lit__00000000
    entry2.o(.ARM.Collect$$$$00002712) refers to startup_stm32f10x_md.o(STACK) for __initial_sp
    entry2.o(__vectab_stack_and_reset_area) refers to startup_stm32f10x_md.o(STACK) for __initial_sp
    entry2.o(__vectab_stack_and_reset_area) refers to entry.o(.ARM.Collect$$$$00000000) for __main
    entry5.o(.ARM.Collect$$$$00000004) refers to init.o(.text) for __scatterload
    entry9a.o(.ARM.Collect$$$$0000000B) refers to main.o(.text) for main
    entry9b.o(.ARM.Collect$$$$0000000C) refers to main.o(.text) for main
    uldiv.o(.text) refers to llushr.o(.text) for __aeabi_llsr
    uldiv.o(.text) refers to llshl.o(.text) for __aeabi_llsl
    localtime_w.o(.text) refers to localtime_i.o(.text) for _localtime
    localtime_w.o(.text) refers to localtime_w.o(.bss) for .bss
    localtime_i.o(.text) refers to localtime_i.o(.constdata) for .constdata
    dadd.o(.text) refers to llshl.o(.text) for __aeabi_llsl
    dadd.o(.text) refers to llsshr.o(.text) for __aeabi_lasr
    dadd.o(.text) refers to depilogue.o(.text) for _double_epilogue
    dmul.o(.text) refers to depilogue.o(.text) for _double_epilogue
    ddiv.o(.text) refers to depilogue.o(.text) for _double_round
    dfixul.o(.text) refers to llushr.o(.text) for __aeabi_llsr
    dfixul.o(.text) refers to llshl.o(.text) for __aeabi_llsl
    init.o(.text) refers to entry5.o(.ARM.Collect$$$$00000004) for __main_after_scatterload
    depilogue.o(.text) refers to llshl.o(.text) for __aeabi_llsl
    depilogue.o(.text) refers to llushr.o(.text) for __aeabi_llsr


==============================================================================

Removing Unused input sections from the image.

    Removing startup_stm32f10x_md.o(HEAP), (512 bytes).
    Removing stm32f10x_adc.o(.text), (1102 bytes).
    Removing stm32f10x_can.o(.text), (2544 bytes).
    Removing stm32f10x_cec.o(.text), (288 bytes).
    Removing stm32f10x_crc.o(.text), (72 bytes).
    Removing stm32f10x_dac.o(.text), (396 bytes).
    Removing stm32f10x_dbgmcu.o(.text), (48 bytes).
    Removing stm32f10x_dma.o(.text), (596 bytes).
    Removing stm32f10x_exti.o(.text), (284 bytes).
    Removing stm32f10x_flash.o(.text), (1468 bytes).
    Removing stm32f10x_fsmc.o(.text), (1548 bytes).
    Removing stm32f10x_i2c.o(.text), (1028 bytes).
    Removing stm32f10x_iwdg.o(.text), (64 bytes).
    Removing stm32f10x_sdio.o(.text), (468 bytes).
    Removing stm32f10x_spi.o(.text), (780 bytes).
    Removing stm32f10x_wwdg.o(.text), (136 bytes).
    Removing led.o(.text), (44 bytes).
    Removing spi.o(.text), (204 bytes).
    Removing as608.o(.text), (2744 bytes).
    Removing as608.o(.data), (4 bytes).
    Removing dadd.o(.text), (334 bytes).
    Removing dmul.o(.text), (228 bytes).
    Removing ddiv.o(.text), (222 bytes).
    Removing dfixul.o(.text), (48 bytes).
    Removing cdrcmple.o(.text), (48 bytes).
    Removing depilogue.o(.text), (186 bytes).

26 unused section(s) (total 15396 bytes) removed from the image.

==============================================================================

Image Symbol Table

    Local Symbols

    Symbol Name                              Value     Ov Type        Size  Object(Section)

    ../clib/microlib/division.c              0x00000000   Number         0  uidiv.o ABSOLUTE
    ../clib/microlib/division.c              0x00000000   Number         0  uldiv.o ABSOLUTE
    ../clib/microlib/init/entry.s            0x00000000   Number         0  entry10a.o ABSOLUTE
    ../clib/microlib/init/entry.s            0x00000000   Number         0  entry10b.o ABSOLUTE
    ../clib/microlib/init/entry.s            0x00000000   Number         0  entry11a.o ABSOLUTE
    ../clib/microlib/init/entry.s            0x00000000   Number         0  entry11b.o ABSOLUTE
    ../clib/microlib/init/entry.s            0x00000000   Number         0  entry9b.o ABSOLUTE
    ../clib/microlib/init/entry.s            0x00000000   Number         0  entry9a.o ABSOLUTE
    ../clib/microlib/init/entry.s            0x00000000   Number         0  entry8b.o ABSOLUTE
    ../clib/microlib/init/entry.s            0x00000000   Number         0  entry.o ABSOLUTE
    ../clib/microlib/init/entry.s            0x00000000   Number         0  entry8a.o ABSOLUTE
    ../clib/microlib/init/entry.s            0x00000000   Number         0  entry7b.o ABSOLUTE
    ../clib/microlib/init/entry.s            0x00000000   Number         0  entry7a.o ABSOLUTE
    ../clib/microlib/init/entry.s            0x00000000   Number         0  entry5.o ABSOLUTE
    ../clib/microlib/init/entry.s            0x00000000   Number         0  entry2.o ABSOLUTE
    ../clib/microlib/longlong.c              0x00000000   Number         0  llsshr.o ABSOLUTE
    ../clib/microlib/longlong.c              0x00000000   Number         0  llushr.o ABSOLUTE
    ../clib/microlib/longlong.c              0x00000000   Number         0  llshl.o ABSOLUTE
    ../clib/microlib/printf/printf.c         0x00000000   Number         0  printf8.o ABSOLUTE
    ../clib/microlib/printf/printf.c         0x00000000   Number         0  printf6.o ABSOLUTE
    ../clib/microlib/printf/printf.c         0x00000000   Number         0  printf7.o ABSOLUTE
    ../clib/microlib/printf/printf.c         0x00000000   Number         0  printf5.o ABSOLUTE
    ../clib/microlib/printf/printf.c         0x00000000   Number         0  printf4.o ABSOLUTE
    ../clib/microlib/printf/printf.c         0x00000000   Number         0  printf3.o ABSOLUTE
    ../clib/microlib/printf/printf.c         0x00000000   Number         0  printf2.o ABSOLUTE
    ../clib/microlib/printf/printf.c         0x00000000   Number         0  printf1.o ABSOLUTE
    ../clib/microlib/printf/printf.c         0x00000000   Number         0  printf0.o ABSOLUTE
    ../clib/microlib/printf/printf.c         0x00000000   Number         0  printfb.o ABSOLUTE
    ../clib/microlib/printf/printf.c         0x00000000   Number         0  printfa.o ABSOLUTE
    ../clib/microlib/printf/stubs.s          0x00000000   Number         0  stubs.o ABSOLUTE
    ../clib/microlib/stdio/streams.c         0x00000000   Number         0  stdout.o ABSOLUTE
    ../clib/microlib/string/memcpy.c         0x00000000   Number         0  memcpyb.o ABSOLUTE
    ../clib/microlib/string/memcpy.c         0x00000000   Number         0  memcpya.o ABSOLUTE
    ../clib/microlib/string/memset.c         0x00000000   Number         0  memseta.o ABSOLUTE
    ../clib/microlib/string/strstr.c         0x00000000   Number         0  strstr.o ABSOLUTE
    ../clib/microlib/stubs.s                 0x00000000   Number         0  iusefp.o ABSOLUTE
    ../clib/microlib/time/localtime.c        0x00000000   Number         0  localtime_i.o ABSOLUTE
    ../clib/microlib/time/localtime.c        0x00000000   Number         0  localtime.o ABSOLUTE
    ../clib/microlib/time/localtime.c        0x00000000   Number         0  localtime_w.o ABSOLUTE
    ../clib/microlib/time/mktime.c           0x00000000   Number         0  mktime.o ABSOLUTE
    ../fplib/microlib/fpadd.c                0x00000000   Number         0  dadd.o ABSOLUTE
    ../fplib/microlib/fpdiv.c                0x00000000   Number         0  ddiv.o ABSOLUTE
    ../fplib/microlib/fpepilogue.c           0x00000000   Number         0  depilogue.o ABSOLUTE
    ../fplib/microlib/fpfix.c                0x00000000   Number         0  dfixul.o ABSOLUTE
    ../fplib/microlib/fpmul.c                0x00000000   Number         0  dmul.o ABSOLUTE
    ..\..\BSP\src\RC522.C                    0x00000000   Number         0  rc522.o ABSOLUTE
    ..\..\BSP\src\RFID.c                     0x00000000   Number         0  rfid.o ABSOLUTE
    ..\..\BSP\src\RTC_Time.c                 0x00000000   Number         0  rtc_time.o ABSOLUTE
    ..\..\BSP\src\as608.c                    0x00000000   Number         0  as608.o ABSOLUTE
    ..\..\BSP\src\led.c                      0x00000000   Number         0  led.o ABSOLUTE
    ..\..\BSP\src\pwm.c                      0x00000000   Number         0  pwm.o ABSOLUTE
    ..\..\BSP\src\spi.c                      0x00000000   Number         0  spi.o ABSOLUTE
    ..\..\BSP\src\stm32f10x_systick.c        0x00000000   Number         0  stm32f10x_systick.o ABSOLUTE
    ..\..\BSP\src\systick.c                  0x00000000   Number         0  systick.o ABSOLUTE
    ..\..\BSP\src\usart.c                    0x00000000   Number         0  usart.o ABSOLUTE
    ..\..\Libraries\CMSIS\CM3\DeviceSupport\ST\STM32F10x\startup\arm\startup_stm32f10x_md.s 0x00000000   Number         0  startup_stm32f10x_md.o ABSOLUTE
    ..\..\Libraries\CMSIS\CM3\DeviceSupport\ST\STM32F10x\system_stm32f10x.c 0x00000000   Number         0  system_stm32f10x.o ABSOLUTE
    ..\..\Libraries\STM32F10x_StdPeriph_Driver\src\misc.c 0x00000000   Number         0  misc.o ABSOLUTE
    ..\..\Libraries\STM32F10x_StdPeriph_Driver\src\stm32f10x_adc.c 0x00000000   Number         0  stm32f10x_adc.o ABSOLUTE
    ..\..\Libraries\STM32F10x_StdPeriph_Driver\src\stm32f10x_bkp.c 0x00000000   Number         0  stm32f10x_bkp.o ABSOLUTE
    ..\..\Libraries\STM32F10x_StdPeriph_Driver\src\stm32f10x_can.c 0x00000000   Number         0  stm32f10x_can.o ABSOLUTE
    ..\..\Libraries\STM32F10x_StdPeriph_Driver\src\stm32f10x_cec.c 0x00000000   Number         0  stm32f10x_cec.o ABSOLUTE
    ..\..\Libraries\STM32F10x_StdPeriph_Driver\src\stm32f10x_crc.c 0x00000000   Number         0  stm32f10x_crc.o ABSOLUTE
    ..\..\Libraries\STM32F10x_StdPeriph_Driver\src\stm32f10x_dac.c 0x00000000   Number         0  stm32f10x_dac.o ABSOLUTE
    ..\..\Libraries\STM32F10x_StdPeriph_Driver\src\stm32f10x_dbgmcu.c 0x00000000   Number         0  stm32f10x_dbgmcu.o ABSOLUTE
    ..\..\Libraries\STM32F10x_StdPeriph_Driver\src\stm32f10x_dma.c 0x00000000   Number         0  stm32f10x_dma.o ABSOLUTE
    ..\..\Libraries\STM32F10x_StdPeriph_Driver\src\stm32f10x_exti.c 0x00000000   Number         0  stm32f10x_exti.o ABSOLUTE
    ..\..\Libraries\STM32F10x_StdPeriph_Driver\src\stm32f10x_flash.c 0x00000000   Number         0  stm32f10x_flash.o ABSOLUTE
    ..\..\Libraries\STM32F10x_StdPeriph_Driver\src\stm32f10x_fsmc.c 0x00000000   Number         0  stm32f10x_fsmc.o ABSOLUTE
    ..\..\Libraries\STM32F10x_StdPeriph_Driver\src\stm32f10x_gpio.c 0x00000000   Number         0  stm32f10x_gpio.o ABSOLUTE
    ..\..\Libraries\STM32F10x_StdPeriph_Driver\src\stm32f10x_i2c.c 0x00000000   Number         0  stm32f10x_i2c.o ABSOLUTE
    ..\..\Libraries\STM32F10x_StdPeriph_Driver\src\stm32f10x_iwdg.c 0x00000000   Number         0  stm32f10x_iwdg.o ABSOLUTE
    ..\..\Libraries\STM32F10x_StdPeriph_Driver\src\stm32f10x_pwr.c 0x00000000   Number         0  stm32f10x_pwr.o ABSOLUTE
    ..\..\Libraries\STM32F10x_StdPeriph_Driver\src\stm32f10x_rcc.c 0x00000000   Number         0  stm32f10x_rcc.o ABSOLUTE
    ..\..\Libraries\STM32F10x_StdPeriph_Driver\src\stm32f10x_rtc.c 0x00000000   Number         0  stm32f10x_rtc.o ABSOLUTE
    ..\..\Libraries\STM32F10x_StdPeriph_Driver\src\stm32f10x_sdio.c 0x00000000   Number         0  stm32f10x_sdio.o ABSOLUTE
    ..\..\Libraries\STM32F10x_StdPeriph_Driver\src\stm32f10x_spi.c 0x00000000   Number         0  stm32f10x_spi.o ABSOLUTE
    ..\..\Libraries\STM32F10x_StdPeriph_Driver\src\stm32f10x_tim.c 0x00000000   Number         0  stm32f10x_tim.o ABSOLUTE
    ..\..\Libraries\STM32F10x_StdPeriph_Driver\src\stm32f10x_usart.c 0x00000000   Number         0  stm32f10x_usart.o ABSOLUTE
    ..\..\Libraries\STM32F10x_StdPeriph_Driver\src\stm32f10x_wwdg.c 0x00000000   Number         0  stm32f10x_wwdg.o ABSOLUTE
    ..\main.c                                0x00000000   Number         0  main.o ABSOLUTE
    ..\stm32f10x_it.c                        0x00000000   Number         0  stm32f10x_it.o ABSOLUTE
    cdrcmple.s                               0x00000000   Number         0  cdrcmple.o ABSOLUTE
    dc.s                                     0x00000000   Number         0  dc.o ABSOLUTE
    handlers.s                               0x00000000   Number         0  handlers.o ABSOLUTE
    init.s                                   0x00000000   Number         0  init.o ABSOLUTE
    RESET                                    0x08000000   Section      236  startup_stm32f10x_md.o(RESET)
    .ARM.Collect$$$$00000000                 0x080000ec   Section        0  entry.o(.ARM.Collect$$$$00000000)
    .ARM.Collect$$$$00000001                 0x080000ec   Section        4  entry2.o(.ARM.Collect$$$$00000001)
    .ARM.Collect$$$$00000004                 0x080000f0   Section        4  entry5.o(.ARM.Collect$$$$00000004)
    .ARM.Collect$$$$00000008                 0x080000f4   Section        0  entry7b.o(.ARM.Collect$$$$00000008)
    .ARM.Collect$$$$0000000A                 0x080000f4   Section        0  entry8b.o(.ARM.Collect$$$$0000000A)
    .ARM.Collect$$$$0000000B                 0x080000f4   Section        8  entry9a.o(.ARM.Collect$$$$0000000B)
    .ARM.Collect$$$$0000000D                 0x080000fc   Section        0  entry10a.o(.ARM.Collect$$$$0000000D)
    .ARM.Collect$$$$0000000F                 0x080000fc   Section        0  entry11a.o(.ARM.Collect$$$$0000000F)
    .ARM.Collect$$$$00002712                 0x080000fc   Section        4  entry2.o(.ARM.Collect$$$$00002712)
    __lit__00000000                          0x080000fc   Data           4  entry2.o(.ARM.Collect$$$$00002712)
    .text                                    0x08000100   Section       36  startup_stm32f10x_md.o(.text)
    .text                                    0x08000124   Section        0  main.o(.text)
    .text                                    0x0800016c   Section        0  stm32f10x_it.o(.text)
    .text                                    0x08000200   Section        0  misc.o(.text)
    .text                                    0x080002dc   Section        0  stm32f10x_bkp.o(.text)
    .text                                    0x080003a0   Section        0  stm32f10x_gpio.o(.text)
    .text                                    0x080006fc   Section        0  stm32f10x_pwr.o(.text)
    .text                                    0x080007c8   Section        0  stm32f10x_rcc.o(.text)
    .text                                    0x08000b6c   Section        0  stm32f10x_rtc.o(.text)
    .text                                    0x08000cb4   Section        0  stm32f10x_tim.o(.text)
    TI4_Config                               0x0800115b   Thumb Code   130  stm32f10x_tim.o(.text)
    TI3_Config                               0x080011ef   Thumb Code   122  stm32f10x_tim.o(.text)
    TI2_Config                               0x08001283   Thumb Code   130  stm32f10x_tim.o(.text)
    TI1_Config                               0x08001317   Thumb Code   108  stm32f10x_tim.o(.text)
    .text                                    0x08001ad0   Section        0  stm32f10x_usart.o(.text)
    .text                                    0x08001ed8   Section        0  system_stm32f10x.o(.text)
    SetSysClockTo72                          0x08001ed9   Thumb Code   214  system_stm32f10x.o(.text)
    SetSysClock                              0x08001faf   Thumb Code     8  system_stm32f10x.o(.text)
    .text                                    0x080020b8   Section        0  pwm.o(.text)
    .text                                    0x080022a0   Section        0  rtc_time.o(.text)
    NVIC_Configuration                       0x0800233d   Thumb Code    42  rtc_time.o(.text)
    RTC_Configuration                        0x08002367   Thumb Code    88  rtc_time.o(.text)
    .text                                    0x0800268c   Section        0  stm32f10x_systick.o(.text)
    .text                                    0x08002728   Section        0  systick.o(.text)
    .text                                    0x080027f8   Section        0  usart.o(.text)
    .text                                    0x08002a24   Section        0  rfid.o(.text)
    .text                                    0x08002c04   Section        0  rc522.o(.text)
    .text                                    0x0800335c   Section        0  mktime.o(.text)
    .text                                    0x08003404   Section        0  memcpya.o(.text)
    .text                                    0x08003428   Section        0  memseta.o(.text)
    .text                                    0x0800344c   Section        0  uldiv.o(.text)
    .text                                    0x080034b0   Section        0  localtime_w.o(.text)
    .text                                    0x080034bc   Section        0  localtime_i.o(.text)
    .text                                    0x08003548   Section       36  init.o(.text)
    .text                                    0x0800356c   Section        0  llshl.o(.text)
    .text                                    0x0800358a   Section        0  llushr.o(.text)
    i.__0printf$8                            0x080035ac   Section        0  printf8.o(i.__0printf$8)
    i.__scatterload_copy                     0x080035cc   Section       14  handlers.o(i.__scatterload_copy)
    i.__scatterload_null                     0x080035da   Section        2  handlers.o(i.__scatterload_null)
    i.__scatterload_zeroinit                 0x080035dc   Section       14  handlers.o(i.__scatterload_zeroinit)
    i._printf_core                           0x080035ec   Section        0  printf8.o(i._printf_core)
    _printf_core                             0x080035ed   Thumb Code   996  printf8.o(i._printf_core)
    i._printf_post_padding                   0x080039fc   Section        0  printf8.o(i._printf_post_padding)
    _printf_post_padding                     0x080039fd   Thumb Code    36  printf8.o(i._printf_post_padding)
    i._printf_pre_padding                    0x08003a20   Section        0  printf8.o(i._printf_pre_padding)
    _printf_pre_padding                      0x08003a21   Thumb Code    46  printf8.o(i._printf_pre_padding)
    .constdata                               0x08003a4e   Section       12  mktime.o(.constdata)
    monlen                                   0x08003a4e   Data          12  mktime.o(.constdata)
    .constdata                               0x08003a5a   Section       12  localtime_i.o(.constdata)
    monlen                                   0x08003a5a   Data          12  localtime_i.o(.constdata)
    .conststring                             0x08003a68   Section       68  rtc_time.o(.conststring)
    .data                                    0x20000000   Section        9  stm32f10x_it.o(.data)
    systick1                                 0x20000004   Data           4  stm32f10x_it.o(.data)
    Display                                  0x20000008   Data           1  stm32f10x_it.o(.data)
    .data                                    0x20000009   Section       20  stm32f10x_rcc.o(.data)
    APBAHBPrescTable                         0x20000009   Data          16  stm32f10x_rcc.o(.data)
    ADCPrescTable                            0x20000019   Data           4  stm32f10x_rcc.o(.data)
    .data                                    0x20000020   Section       20  system_stm32f10x.o(.data)
    .data                                    0x20000034   Section        1  pwm.o(.data)
    count                                    0x20000034   Data           1  pwm.o(.data)
    .data                                    0x20000036   Section        5  systick.o(.data)
    delay_fac_us                             0x20000036   Data           1  systick.o(.data)
    delay_fac_ms                             0x20000038   Data           2  systick.o(.data)
    Status                                   0x2000003a   Data           1  systick.o(.data)
    .data                                    0x2000003c   Section        2  usart.o(.data)
    .data                                    0x2000003e   Section       43  rfid.o(.data)
    .data                                    0x2000006c   Section        4  stdout.o(.data)
    .bss                                     0x20000070   Section      800  usart.o(.bss)
    .bss                                     0x20000390   Section       94  rfid.o(.bss)
    .bss                                     0x200003f0   Section       44  localtime_w.o(.bss)
    _tms                                     0x200003f0   Data          44  localtime_w.o(.bss)
    STACK                                    0x20000420   Section     1024  startup_stm32f10x_md.o(STACK)

    Global Symbols

    Symbol Name                              Value     Ov Type        Size  Object(Section)

    BuildAttributes$$THM_ISAv4$P$D$K$B$S$PE$A:L22UL41UL21$X:L11$S22US41US21$IEEE1$IW$USESV6$~STKCKD$USESV7$~SHL$OSPACE$ROPI$EBA8$MICROLIB$REQ8$PRES8$EABIv2 0x00000000   Number         0  anon$$obj.o ABSOLUTE
    __ARM_use_no_argv                        0x00000000   Number         0  main.o ABSOLUTE
    _printf_a                                0x00000000   Number         0  stubs.o ABSOLUTE
    _printf_c                                0x00000000   Number         0  stubs.o ABSOLUTE
    _printf_charcount                        0x00000000   Number         0  stubs.o ABSOLUTE
    _printf_d                                0x00000000   Number         0  stubs.o ABSOLUTE
    _printf_e                                0x00000000   Number         0  stubs.o ABSOLUTE
    _printf_f                                0x00000000   Number         0  stubs.o ABSOLUTE
    _printf_flags                            0x00000000   Number         0  stubs.o ABSOLUTE
    _printf_fp_dec                           0x00000000   Number         0  stubs.o ABSOLUTE
    _printf_fp_hex                           0x00000000   Number         0  stubs.o ABSOLUTE
    _printf_g                                0x00000000   Number         0  stubs.o ABSOLUTE
    _printf_i                                0x00000000   Number         0  stubs.o ABSOLUTE
    _printf_int_dec                          0x00000000   Number         0  stubs.o ABSOLUTE
    _printf_l                                0x00000000   Number         0  stubs.o ABSOLUTE
    _printf_lc                               0x00000000   Number         0  stubs.o ABSOLUTE
    _printf_ll                               0x00000000   Number         0  stubs.o ABSOLUTE
    _printf_lld                              0x00000000   Number         0  stubs.o ABSOLUTE
    _printf_lli                              0x00000000   Number         0  stubs.o ABSOLUTE
    _printf_llo                              0x00000000   Number         0  stubs.o ABSOLUTE
    _printf_llu                              0x00000000   Number         0  stubs.o ABSOLUTE
    _printf_llx                              0x00000000   Number         0  stubs.o ABSOLUTE
    _printf_longlong_dec                     0x00000000   Number         0  stubs.o ABSOLUTE
    _printf_longlong_hex                     0x00000000   Number         0  stubs.o ABSOLUTE
    _printf_longlong_oct                     0x00000000   Number         0  stubs.o ABSOLUTE
    _printf_ls                               0x00000000   Number         0  stubs.o ABSOLUTE
    _printf_mbtowc                           0x00000000   Number         0  stubs.o ABSOLUTE
    _printf_n                                0x00000000   Number         0  stubs.o ABSOLUTE
    _printf_o                                0x00000000   Number         0  stubs.o ABSOLUTE
    _printf_p                                0x00000000   Number         0  stubs.o ABSOLUTE
    _printf_percent                          0x00000000   Number         0  stubs.o ABSOLUTE
    _printf_pre_padding                      0x00000000   Number         0  stubs.o ABSOLUTE
    _printf_return_value                     0x00000000   Number         0  stubs.o ABSOLUTE
    _printf_s                                0x00000000   Number         0  stubs.o ABSOLUTE
    _printf_sizespec                         0x00000000   Number         0  stubs.o ABSOLUTE
    _printf_str                              0x00000000   Number         0  stubs.o ABSOLUTE
    _printf_truncate_signed                  0x00000000   Number         0  stubs.o ABSOLUTE
    _printf_truncate_unsigned                0x00000000   Number         0  stubs.o ABSOLUTE
    _printf_u                                0x00000000   Number         0  stubs.o ABSOLUTE
    _printf_wc                               0x00000000   Number         0  stubs.o ABSOLUTE
    _printf_wctomb                           0x00000000   Number         0  stubs.o ABSOLUTE
    _printf_widthprec                        0x00000000   Number         0  stubs.o ABSOLUTE
    _printf_x                                0x00000000   Number         0  stubs.o ABSOLUTE
    __cpp_initialize__aeabi_                  - Undefined Weak Reference
    __cxa_finalize                            - Undefined Weak Reference
    __decompress                              - Undefined Weak Reference
    _clock_init                               - Undefined Weak Reference
    _microlib_exit                            - Undefined Weak Reference
    __Vectors_Size                           0x000000ec   Number         0  startup_stm32f10x_md.o ABSOLUTE
    __Vectors                                0x08000000   Data           4  startup_stm32f10x_md.o(RESET)
    __Vectors_End                            0x080000ec   Data           0  startup_stm32f10x_md.o(RESET)
    __main                                   0x080000ed   Thumb Code     0  entry.o(.ARM.Collect$$$$00000000)
    _main_stk                                0x080000ed   Thumb Code     0  entry2.o(.ARM.Collect$$$$00000001)
    _main_scatterload                        0x080000f1   Thumb Code     0  entry5.o(.ARM.Collect$$$$00000004)
    __main_after_scatterload                 0x080000f5   Thumb Code     0  entry5.o(.ARM.Collect$$$$00000004)
    _main_clock                              0x080000f5   Thumb Code     0  entry7b.o(.ARM.Collect$$$$00000008)
    _main_cpp_init                           0x080000f5   Thumb Code     0  entry8b.o(.ARM.Collect$$$$0000000A)
    _main_init                               0x080000f5   Thumb Code     0  entry9a.o(.ARM.Collect$$$$0000000B)
    __rt_final_cpp                           0x080000fd   Thumb Code     0  entry10a.o(.ARM.Collect$$$$0000000D)
    __rt_final_exit                          0x080000fd   Thumb Code     0  entry11a.o(.ARM.Collect$$$$0000000F)
    Reset_Handler                            0x08000101   Thumb Code     8  startup_stm32f10x_md.o(.text)
    ADC1_2_IRQHandler                        0x0800011b   Thumb Code     0  startup_stm32f10x_md.o(.text)
    CAN1_RX1_IRQHandler                      0x0800011b   Thumb Code     0  startup_stm32f10x_md.o(.text)
    CAN1_SCE_IRQHandler                      0x0800011b   Thumb Code     0  startup_stm32f10x_md.o(.text)
    DMA1_Channel1_IRQHandler                 0x0800011b   Thumb Code     0  startup_stm32f10x_md.o(.text)
    DMA1_Channel2_IRQHandler                 0x0800011b   Thumb Code     0  startup_stm32f10x_md.o(.text)
    DMA1_Channel3_IRQHandler                 0x0800011b   Thumb Code     0  startup_stm32f10x_md.o(.text)
    DMA1_Channel4_IRQHandler                 0x0800011b   Thumb Code     0  startup_stm32f10x_md.o(.text)
    DMA1_Channel5_IRQHandler                 0x0800011b   Thumb Code     0  startup_stm32f10x_md.o(.text)
    DMA1_Channel6_IRQHandler                 0x0800011b   Thumb Code     0  startup_stm32f10x_md.o(.text)
    DMA1_Channel7_IRQHandler                 0x0800011b   Thumb Code     0  startup_stm32f10x_md.o(.text)
    EXTI0_IRQHandler                         0x0800011b   Thumb Code     0  startup_stm32f10x_md.o(.text)
    EXTI15_10_IRQHandler                     0x0800011b   Thumb Code     0  startup_stm32f10x_md.o(.text)
    EXTI1_IRQHandler                         0x0800011b   Thumb Code     0  startup_stm32f10x_md.o(.text)
    EXTI2_IRQHandler                         0x0800011b   Thumb Code     0  startup_stm32f10x_md.o(.text)
    EXTI3_IRQHandler                         0x0800011b   Thumb Code     0  startup_stm32f10x_md.o(.text)
    EXTI4_IRQHandler                         0x0800011b   Thumb Code     0  startup_stm32f10x_md.o(.text)
    EXTI9_5_IRQHandler                       0x0800011b   Thumb Code     0  startup_stm32f10x_md.o(.text)
    FLASH_IRQHandler                         0x0800011b   Thumb Code     0  startup_stm32f10x_md.o(.text)
    I2C1_ER_IRQHandler                       0x0800011b   Thumb Code     0  startup_stm32f10x_md.o(.text)
    I2C1_EV_IRQHandler                       0x0800011b   Thumb Code     0  startup_stm32f10x_md.o(.text)
    I2C2_ER_IRQHandler                       0x0800011b   Thumb Code     0  startup_stm32f10x_md.o(.text)
    I2C2_EV_IRQHandler                       0x0800011b   Thumb Code     0  startup_stm32f10x_md.o(.text)
    PVD_IRQHandler                           0x0800011b   Thumb Code     0  startup_stm32f10x_md.o(.text)
    RCC_IRQHandler                           0x0800011b   Thumb Code     0  startup_stm32f10x_md.o(.text)
    RTCAlarm_IRQHandler                      0x0800011b   Thumb Code     0  startup_stm32f10x_md.o(.text)
    SPI1_IRQHandler                          0x0800011b   Thumb Code     0  startup_stm32f10x_md.o(.text)
    SPI2_IRQHandler                          0x0800011b   Thumb Code     0  startup_stm32f10x_md.o(.text)
    TAMPER_IRQHandler                        0x0800011b   Thumb Code     0  startup_stm32f10x_md.o(.text)
    TIM1_BRK_IRQHandler                      0x0800011b   Thumb Code     0  startup_stm32f10x_md.o(.text)
    TIM1_CC_IRQHandler                       0x0800011b   Thumb Code     0  startup_stm32f10x_md.o(.text)
    TIM1_TRG_COM_IRQHandler                  0x0800011b   Thumb Code     0  startup_stm32f10x_md.o(.text)
    TIM1_UP_IRQHandler                       0x0800011b   Thumb Code     0  startup_stm32f10x_md.o(.text)
    TIM3_IRQHandler                          0x0800011b   Thumb Code     0  startup_stm32f10x_md.o(.text)
    USART1_IRQHandler                        0x0800011b   Thumb Code     0  startup_stm32f10x_md.o(.text)
    USART3_IRQHandler                        0x0800011b   Thumb Code     0  startup_stm32f10x_md.o(.text)
    USBWakeUp_IRQHandler                     0x0800011b   Thumb Code     0  startup_stm32f10x_md.o(.text)
    USB_HP_CAN1_TX_IRQHandler                0x0800011b   Thumb Code     0  startup_stm32f10x_md.o(.text)
    USB_LP_CAN1_RX0_IRQHandler               0x0800011b   Thumb Code     0  startup_stm32f10x_md.o(.text)
    WWDG_IRQHandler                          0x0800011b   Thumb Code     0  startup_stm32f10x_md.o(.text)
    main                                     0x08000125   Thumb Code    62  main.o(.text)
    NMI_Handler                              0x0800016d   Thumb Code     2  stm32f10x_it.o(.text)
    HardFault_Handler                        0x0800016f   Thumb Code     4  stm32f10x_it.o(.text)
    MemManage_Handler                        0x08000173   Thumb Code     4  stm32f10x_it.o(.text)
    BusFault_Handler                         0x08000177   Thumb Code     4  stm32f10x_it.o(.text)
    UsageFault_Handler                       0x0800017b   Thumb Code     4  stm32f10x_it.o(.text)
    SVC_Handler                              0x0800017f   Thumb Code     2  stm32f10x_it.o(.text)
    DebugMon_Handler                         0x08000181   Thumb Code     2  stm32f10x_it.o(.text)
    PendSV_Handler                           0x08000183   Thumb Code     2  stm32f10x_it.o(.text)
    SysTick_Handler                          0x08000185   Thumb Code    42  stm32f10x_it.o(.text)
    RTC_IRQHandler                           0x080001af   Thumb Code    60  stm32f10x_it.o(.text)
    NVIC_PriorityGroupConfig                 0x08000201   Thumb Code    10  misc.o(.text)
    NVIC_Init                                0x0800020b   Thumb Code   100  misc.o(.text)
    NVIC_SetVectorTable                      0x0800026f   Thumb Code    14  misc.o(.text)
    NVIC_SystemLPConfig                      0x0800027d   Thumb Code    34  misc.o(.text)
    SysTick_CLKSourceConfig                  0x0800029f   Thumb Code    40  misc.o(.text)
    BKP_DeInit                               0x080002dd   Thumb Code    16  stm32f10x_bkp.o(.text)
    BKP_TamperPinLevelConfig                 0x080002ed   Thumb Code     6  stm32f10x_bkp.o(.text)
    BKP_TamperPinCmd                         0x080002f3   Thumb Code     8  stm32f10x_bkp.o(.text)
    BKP_ITConfig                             0x080002fb   Thumb Code     8  stm32f10x_bkp.o(.text)
    BKP_RTCOutputConfig                      0x08000303   Thumb Code    22  stm32f10x_bkp.o(.text)
    BKP_SetRTCCalibrationValue               0x08000319   Thumb Code    22  stm32f10x_bkp.o(.text)
    BKP_WriteBackupRegister                  0x0800032f   Thumb Code    24  stm32f10x_bkp.o(.text)
    BKP_ReadBackupRegister                   0x08000347   Thumb Code    26  stm32f10x_bkp.o(.text)
    BKP_GetFlagStatus                        0x08000361   Thumb Code    10  stm32f10x_bkp.o(.text)
    BKP_ClearFlag                            0x0800036b   Thumb Code    18  stm32f10x_bkp.o(.text)
    BKP_GetITStatus                          0x0800037d   Thumb Code    10  stm32f10x_bkp.o(.text)
    BKP_ClearITPendingBit                    0x08000387   Thumb Code    18  stm32f10x_bkp.o(.text)
    GPIO_DeInit                              0x080003a1   Thumb Code   172  stm32f10x_gpio.o(.text)
    GPIO_AFIODeInit                          0x0800044d   Thumb Code    20  stm32f10x_gpio.o(.text)
    GPIO_Init                                0x08000461   Thumb Code   278  stm32f10x_gpio.o(.text)
    GPIO_StructInit                          0x08000577   Thumb Code    16  stm32f10x_gpio.o(.text)
    GPIO_ReadInputDataBit                    0x08000587   Thumb Code    18  stm32f10x_gpio.o(.text)
    GPIO_ReadInputData                       0x08000599   Thumb Code     8  stm32f10x_gpio.o(.text)
    GPIO_ReadOutputDataBit                   0x080005a1   Thumb Code    18  stm32f10x_gpio.o(.text)
    GPIO_ReadOutputData                      0x080005b3   Thumb Code     8  stm32f10x_gpio.o(.text)
    GPIO_SetBits                             0x080005bb   Thumb Code     4  stm32f10x_gpio.o(.text)
    GPIO_ResetBits                           0x080005bf   Thumb Code     4  stm32f10x_gpio.o(.text)
    GPIO_WriteBit                            0x080005c3   Thumb Code    10  stm32f10x_gpio.o(.text)
    GPIO_Write                               0x080005cd   Thumb Code     4  stm32f10x_gpio.o(.text)
    GPIO_PinLockConfig                       0x080005d1   Thumb Code    18  stm32f10x_gpio.o(.text)
    GPIO_EventOutputConfig                   0x080005e3   Thumb Code    26  stm32f10x_gpio.o(.text)
    GPIO_EventOutputCmd                      0x080005fd   Thumb Code     6  stm32f10x_gpio.o(.text)
    GPIO_PinRemapConfig                      0x08000603   Thumb Code   138  stm32f10x_gpio.o(.text)
    GPIO_EXTILineConfig                      0x0800068d   Thumb Code    66  stm32f10x_gpio.o(.text)
    GPIO_ETH_MediaInterfaceConfig            0x080006cf   Thumb Code     8  stm32f10x_gpio.o(.text)
    PWR_DeInit                               0x080006fd   Thumb Code    22  stm32f10x_pwr.o(.text)
    PWR_BackupAccessCmd                      0x08000713   Thumb Code     6  stm32f10x_pwr.o(.text)
    PWR_PVDCmd                               0x08000719   Thumb Code     6  stm32f10x_pwr.o(.text)
    PWR_PVDLevelConfig                       0x0800071f   Thumb Code    18  stm32f10x_pwr.o(.text)
    PWR_WakeUpPinCmd                         0x08000731   Thumb Code     8  stm32f10x_pwr.o(.text)
    PWR_EnterSTOPMode                        0x08000739   Thumb Code    54  stm32f10x_pwr.o(.text)
    PWR_EnterSTANDBYMode                     0x0800076f   Thumb Code    42  stm32f10x_pwr.o(.text)
    PWR_GetFlagStatus                        0x08000799   Thumb Code    20  stm32f10x_pwr.o(.text)
    PWR_ClearFlag                            0x080007ad   Thumb Code    14  stm32f10x_pwr.o(.text)
    RCC_DeInit                               0x080007c9   Thumb Code    64  stm32f10x_rcc.o(.text)
    RCC_HSEConfig                            0x08000809   Thumb Code    70  stm32f10x_rcc.o(.text)
    RCC_GetFlagStatus                        0x0800084f   Thumb Code    56  stm32f10x_rcc.o(.text)
    RCC_WaitForHSEStartUp                    0x08000887   Thumb Code    56  stm32f10x_rcc.o(.text)
    RCC_AdjustHSICalibrationValue            0x080008bf   Thumb Code    20  stm32f10x_rcc.o(.text)
    RCC_HSICmd                               0x080008d3   Thumb Code     6  stm32f10x_rcc.o(.text)
    RCC_PLLConfig                            0x080008d9   Thumb Code    24  stm32f10x_rcc.o(.text)
    RCC_PLLCmd                               0x080008f1   Thumb Code     6  stm32f10x_rcc.o(.text)
    RCC_SYSCLKConfig                         0x080008f7   Thumb Code    18  stm32f10x_rcc.o(.text)
    RCC_GetSYSCLKSource                      0x08000909   Thumb Code    10  stm32f10x_rcc.o(.text)
    RCC_HCLKConfig                           0x08000913   Thumb Code    18  stm32f10x_rcc.o(.text)
    RCC_PCLK1Config                          0x08000925   Thumb Code    18  stm32f10x_rcc.o(.text)
    RCC_PCLK2Config                          0x08000937   Thumb Code    20  stm32f10x_rcc.o(.text)
    RCC_ITConfig                             0x0800094b   Thumb Code    26  stm32f10x_rcc.o(.text)
    RCC_USBCLKConfig                         0x08000965   Thumb Code     8  stm32f10x_rcc.o(.text)
    RCC_ADCCLKConfig                         0x0800096d   Thumb Code    18  stm32f10x_rcc.o(.text)
    RCC_LSEConfig                            0x0800097f   Thumb Code    50  stm32f10x_rcc.o(.text)
    RCC_LSICmd                               0x080009b1   Thumb Code     6  stm32f10x_rcc.o(.text)
    RCC_RTCCLKConfig                         0x080009b7   Thumb Code    12  stm32f10x_rcc.o(.text)
    RCC_RTCCLKCmd                            0x080009c3   Thumb Code     8  stm32f10x_rcc.o(.text)
    RCC_GetClocksFreq                        0x080009cb   Thumb Code   192  stm32f10x_rcc.o(.text)
    RCC_AHBPeriphClockCmd                    0x08000a8b   Thumb Code    26  stm32f10x_rcc.o(.text)
    RCC_APB2PeriphClockCmd                   0x08000aa5   Thumb Code    26  stm32f10x_rcc.o(.text)
    RCC_APB1PeriphClockCmd                   0x08000abf   Thumb Code    26  stm32f10x_rcc.o(.text)
    RCC_APB2PeriphResetCmd                   0x08000ad9   Thumb Code    26  stm32f10x_rcc.o(.text)
    RCC_APB1PeriphResetCmd                   0x08000af3   Thumb Code    26  stm32f10x_rcc.o(.text)
    RCC_BackupResetCmd                       0x08000b0d   Thumb Code     8  stm32f10x_rcc.o(.text)
    RCC_ClockSecuritySystemCmd               0x08000b15   Thumb Code     6  stm32f10x_rcc.o(.text)
    RCC_MCOConfig                            0x08000b1b   Thumb Code     6  stm32f10x_rcc.o(.text)
    RCC_ClearFlag                            0x08000b21   Thumb Code    14  stm32f10x_rcc.o(.text)
    RCC_GetITStatus                          0x08000b2f   Thumb Code    20  stm32f10x_rcc.o(.text)
    RCC_ClearITPendingBit                    0x08000b43   Thumb Code     6  stm32f10x_rcc.o(.text)
    RTC_ITConfig                             0x08000b6d   Thumb Code    26  stm32f10x_rtc.o(.text)
    RTC_EnterConfigMode                      0x08000b87   Thumb Code    18  stm32f10x_rtc.o(.text)
    RTC_ExitConfigMode                       0x08000b99   Thumb Code    20  stm32f10x_rtc.o(.text)
    RTC_GetCounter                           0x08000bad   Thumb Code    18  stm32f10x_rtc.o(.text)
    RTC_SetCounter                           0x08000bbf   Thumb Code    26  stm32f10x_rtc.o(.text)
    RTC_SetPrescaler                         0x08000bd9   Thumb Code    28  stm32f10x_rtc.o(.text)
    RTC_SetAlarm                             0x08000bf5   Thumb Code    26  stm32f10x_rtc.o(.text)
    RTC_GetDivider                           0x08000c0f   Thumb Code    22  stm32f10x_rtc.o(.text)
    RTC_WaitForLastTask                      0x08000c25   Thumb Code    18  stm32f10x_rtc.o(.text)
    RTC_WaitForSynchro                       0x08000c37   Thumb Code    36  stm32f10x_rtc.o(.text)
    RTC_GetFlagStatus                        0x08000c5b   Thumb Code    22  stm32f10x_rtc.o(.text)
    RTC_ClearFlag                            0x08000c71   Thumb Code    16  stm32f10x_rtc.o(.text)
    RTC_GetITStatus                          0x08000c81   Thumb Code    32  stm32f10x_rtc.o(.text)
    RTC_ClearITPendingBit                    0x08000ca1   Thumb Code    16  stm32f10x_rtc.o(.text)
    TIM_DeInit                               0x08000cb5   Thumb Code   424  stm32f10x_tim.o(.text)
    TIM_TimeBaseInit                         0x08000e5d   Thumb Code   122  stm32f10x_tim.o(.text)
    TIM_OC1Init                              0x08000ed7   Thumb Code   132  stm32f10x_tim.o(.text)
    TIM_OC2Init                              0x08000f5b   Thumb Code   154  stm32f10x_tim.o(.text)
    TIM_OC3Init                              0x08000ff5   Thumb Code   150  stm32f10x_tim.o(.text)
    TIM_OC4Init                              0x0800108b   Thumb Code   182  stm32f10x_tim.o(.text)
    TIM_SetIC4Prescaler                      0x08001141   Thumb Code    26  stm32f10x_tim.o(.text)
    TIM_SetIC3Prescaler                      0x080011dd   Thumb Code    18  stm32f10x_tim.o(.text)
    TIM_SetIC2Prescaler                      0x08001269   Thumb Code    26  stm32f10x_tim.o(.text)
    TIM_SetIC1Prescaler                      0x08001305   Thumb Code    18  stm32f10x_tim.o(.text)
    TIM_ICInit                               0x08001383   Thumb Code   150  stm32f10x_tim.o(.text)
    TIM_PWMIConfig                           0x08001419   Thumb Code   124  stm32f10x_tim.o(.text)
    TIM_BDTRConfig                           0x08001495   Thumb Code    32  stm32f10x_tim.o(.text)
    TIM_TimeBaseStructInit                   0x080014b5   Thumb Code    18  stm32f10x_tim.o(.text)
    TIM_OCStructInit                         0x080014c7   Thumb Code    20  stm32f10x_tim.o(.text)
    TIM_ICStructInit                         0x080014db   Thumb Code    18  stm32f10x_tim.o(.text)
    TIM_BDTRStructInit                       0x080014ed   Thumb Code    40  stm32f10x_tim.o(.text)
    TIM_Cmd                                  0x08001515   Thumb Code    24  stm32f10x_tim.o(.text)
    TIM_CtrlPWMOutputs                       0x0800152d   Thumb Code    30  stm32f10x_tim.o(.text)
    TIM_ITConfig                             0x0800154b   Thumb Code    18  stm32f10x_tim.o(.text)
    TIM_GenerateEvent                        0x0800155d   Thumb Code     4  stm32f10x_tim.o(.text)
    TIM_DMAConfig                            0x08001561   Thumb Code    10  stm32f10x_tim.o(.text)
    TIM_DMACmd                               0x0800156b   Thumb Code    18  stm32f10x_tim.o(.text)
    TIM_InternalClockConfig                  0x0800157d   Thumb Code    12  stm32f10x_tim.o(.text)
    TIM_SelectInputTrigger                   0x08001589   Thumb Code    18  stm32f10x_tim.o(.text)
    TIM_ITRxExternalClockConfig              0x0800159b   Thumb Code    24  stm32f10x_tim.o(.text)
    TIM_TIxExternalClockConfig               0x080015b3   Thumb Code    62  stm32f10x_tim.o(.text)
    TIM_ETRConfig                            0x080015f1   Thumb Code    28  stm32f10x_tim.o(.text)
    TIM_ETRClockMode1Config                  0x0800160d   Thumb Code    54  stm32f10x_tim.o(.text)
    TIM_ETRClockMode2Config                  0x08001643   Thumb Code    32  stm32f10x_tim.o(.text)
    TIM_PrescalerConfig                      0x08001663   Thumb Code     6  stm32f10x_tim.o(.text)
    TIM_CounterModeConfig                    0x08001669   Thumb Code    18  stm32f10x_tim.o(.text)
    TIM_EncoderInterfaceConfig               0x0800167b   Thumb Code    66  stm32f10x_tim.o(.text)
    TIM_ForcedOC1Config                      0x080016bd   Thumb Code    18  stm32f10x_tim.o(.text)
    TIM_ForcedOC2Config                      0x080016cf   Thumb Code    26  stm32f10x_tim.o(.text)
    TIM_ForcedOC3Config                      0x080016e9   Thumb Code    18  stm32f10x_tim.o(.text)
    TIM_ForcedOC4Config                      0x080016fb   Thumb Code    26  stm32f10x_tim.o(.text)
    TIM_ARRPreloadConfig                     0x08001715   Thumb Code    24  stm32f10x_tim.o(.text)
    TIM_SelectCOM                            0x0800172d   Thumb Code    24  stm32f10x_tim.o(.text)
    TIM_SelectCCDMA                          0x08001745   Thumb Code    24  stm32f10x_tim.o(.text)
    TIM_CCPreloadControl                     0x0800175d   Thumb Code    24  stm32f10x_tim.o(.text)
    TIM_OC1PreloadConfig                     0x08001775   Thumb Code    18  stm32f10x_tim.o(.text)
    TIM_OC2PreloadConfig                     0x08001787   Thumb Code    26  stm32f10x_tim.o(.text)
    TIM_OC3PreloadConfig                     0x080017a1   Thumb Code    18  stm32f10x_tim.o(.text)
    TIM_OC4PreloadConfig                     0x080017b3   Thumb Code    26  stm32f10x_tim.o(.text)
    TIM_OC1FastConfig                        0x080017cd   Thumb Code    18  stm32f10x_tim.o(.text)
    TIM_OC2FastConfig                        0x080017df   Thumb Code    26  stm32f10x_tim.o(.text)
    TIM_OC3FastConfig                        0x080017f9   Thumb Code    18  stm32f10x_tim.o(.text)
    TIM_OC4FastConfig                        0x0800180b   Thumb Code    26  stm32f10x_tim.o(.text)
    TIM_ClearOC1Ref                          0x08001825   Thumb Code    18  stm32f10x_tim.o(.text)
    TIM_ClearOC2Ref                          0x08001837   Thumb Code    24  stm32f10x_tim.o(.text)
    TIM_ClearOC3Ref                          0x0800184f   Thumb Code    18  stm32f10x_tim.o(.text)
    TIM_ClearOC4Ref                          0x08001861   Thumb Code    24  stm32f10x_tim.o(.text)
    TIM_OC1PolarityConfig                    0x08001879   Thumb Code    18  stm32f10x_tim.o(.text)
    TIM_OC1NPolarityConfig                   0x0800188b   Thumb Code    18  stm32f10x_tim.o(.text)
    TIM_OC2PolarityConfig                    0x0800189d   Thumb Code    26  stm32f10x_tim.o(.text)
    TIM_OC2NPolarityConfig                   0x080018b7   Thumb Code    26  stm32f10x_tim.o(.text)
    TIM_OC3PolarityConfig                    0x080018d1   Thumb Code    26  stm32f10x_tim.o(.text)
    TIM_OC3NPolarityConfig                   0x080018eb   Thumb Code    26  stm32f10x_tim.o(.text)
    TIM_OC4PolarityConfig                    0x08001905   Thumb Code    26  stm32f10x_tim.o(.text)
    TIM_CCxCmd                               0x0800191f   Thumb Code    30  stm32f10x_tim.o(.text)
    TIM_CCxNCmd                              0x0800193d   Thumb Code    30  stm32f10x_tim.o(.text)
    TIM_SelectOCxM                           0x0800195b   Thumb Code    82  stm32f10x_tim.o(.text)
    TIM_UpdateDisableConfig                  0x080019ad   Thumb Code    24  stm32f10x_tim.o(.text)
    TIM_UpdateRequestConfig                  0x080019c5   Thumb Code    24  stm32f10x_tim.o(.text)
    TIM_SelectHallSensor                     0x080019dd   Thumb Code    24  stm32f10x_tim.o(.text)
    TIM_SelectOnePulseMode                   0x080019f5   Thumb Code    18  stm32f10x_tim.o(.text)
    TIM_SelectOutputTrigger                  0x08001a07   Thumb Code    18  stm32f10x_tim.o(.text)
    TIM_SelectSlaveMode                      0x08001a19   Thumb Code    18  stm32f10x_tim.o(.text)
    TIM_SelectMasterSlaveMode                0x08001a2b   Thumb Code    18  stm32f10x_tim.o(.text)
    TIM_SetCounter                           0x08001a3d   Thumb Code     4  stm32f10x_tim.o(.text)
    TIM_SetAutoreload                        0x08001a41   Thumb Code     4  stm32f10x_tim.o(.text)
    TIM_SetCompare1                          0x08001a45   Thumb Code     4  stm32f10x_tim.o(.text)
    TIM_SetCompare2                          0x08001a49   Thumb Code     4  stm32f10x_tim.o(.text)
    TIM_SetCompare3                          0x08001a4d   Thumb Code     4  stm32f10x_tim.o(.text)
    TIM_SetCompare4                          0x08001a51   Thumb Code     6  stm32f10x_tim.o(.text)
    TIM_SetClockDivision                     0x08001a57   Thumb Code    18  stm32f10x_tim.o(.text)
    TIM_GetCapture1                          0x08001a69   Thumb Code     6  stm32f10x_tim.o(.text)
    TIM_GetCapture2                          0x08001a6f   Thumb Code     6  stm32f10x_tim.o(.text)
    TIM_GetCapture3                          0x08001a75   Thumb Code     6  stm32f10x_tim.o(.text)
    TIM_GetCapture4                          0x08001a7b   Thumb Code     8  stm32f10x_tim.o(.text)
    TIM_GetCounter                           0x08001a83   Thumb Code     6  stm32f10x_tim.o(.text)
    TIM_GetPrescaler                         0x08001a89   Thumb Code     6  stm32f10x_tim.o(.text)
    TIM_GetFlagStatus                        0x08001a8f   Thumb Code    18  stm32f10x_tim.o(.text)
    TIM_ClearFlag                            0x08001aa1   Thumb Code     6  stm32f10x_tim.o(.text)
    TIM_GetITStatus                          0x08001aa7   Thumb Code    34  stm32f10x_tim.o(.text)
    TIM_ClearITPendingBit                    0x08001ac9   Thumb Code     6  stm32f10x_tim.o(.text)
    USART_DeInit                             0x08001ad1   Thumb Code   134  stm32f10x_usart.o(.text)
    USART_Init                               0x08001b57   Thumb Code   210  stm32f10x_usart.o(.text)
    USART_StructInit                         0x08001c29   Thumb Code    24  stm32f10x_usart.o(.text)
    USART_ClockInit                          0x08001c41   Thumb Code    34  stm32f10x_usart.o(.text)
    USART_ClockStructInit                    0x08001c63   Thumb Code    12  stm32f10x_usart.o(.text)
    USART_Cmd                                0x08001c6f   Thumb Code    24  stm32f10x_usart.o(.text)
    USART_ITConfig                           0x08001c87   Thumb Code    74  stm32f10x_usart.o(.text)
    USART_DMACmd                             0x08001cd1   Thumb Code    18  stm32f10x_usart.o(.text)
    USART_SetAddress                         0x08001ce3   Thumb Code    18  stm32f10x_usart.o(.text)
    USART_WakeUpConfig                       0x08001cf5   Thumb Code    18  stm32f10x_usart.o(.text)
    USART_ReceiverWakeUpCmd                  0x08001d07   Thumb Code    24  stm32f10x_usart.o(.text)
    USART_LINBreakDetectLengthConfig         0x08001d1f   Thumb Code    18  stm32f10x_usart.o(.text)
    USART_LINCmd                             0x08001d31   Thumb Code    24  stm32f10x_usart.o(.text)
    USART_SendData                           0x08001d49   Thumb Code     8  stm32f10x_usart.o(.text)
    USART_ReceiveData                        0x08001d51   Thumb Code    10  stm32f10x_usart.o(.text)
    USART_SendBreak                          0x08001d5b   Thumb Code    10  stm32f10x_usart.o(.text)
    USART_SetGuardTime                       0x08001d65   Thumb Code    16  stm32f10x_usart.o(.text)
    USART_SetPrescaler                       0x08001d75   Thumb Code    16  stm32f10x_usart.o(.text)
    USART_SmartCardCmd                       0x08001d85   Thumb Code    24  stm32f10x_usart.o(.text)
    USART_SmartCardNACKCmd                   0x08001d9d   Thumb Code    24  stm32f10x_usart.o(.text)
    USART_HalfDuplexCmd                      0x08001db5   Thumb Code    24  stm32f10x_usart.o(.text)
    USART_OverSampling8Cmd                   0x08001dcd   Thumb Code    22  stm32f10x_usart.o(.text)
    USART_OneBitMethodCmd                    0x08001de3   Thumb Code    24  stm32f10x_usart.o(.text)
    USART_IrDAConfig                         0x08001dfb   Thumb Code    18  stm32f10x_usart.o(.text)
    USART_IrDACmd                            0x08001e0d   Thumb Code    24  stm32f10x_usart.o(.text)
    USART_GetFlagStatus                      0x08001e25   Thumb Code    26  stm32f10x_usart.o(.text)
    USART_ClearFlag                          0x08001e3f   Thumb Code    18  stm32f10x_usart.o(.text)
    USART_GetITStatus                        0x08001e51   Thumb Code    84  stm32f10x_usart.o(.text)
    USART_ClearITPendingBit                  0x08001ea5   Thumb Code    52  stm32f10x_usart.o(.text)
    SystemInit                               0x08001fb7   Thumb Code    78  system_stm32f10x.o(.text)
    SystemCoreClockUpdate                    0x08002005   Thumb Code   142  system_stm32f10x.o(.text)
    TIM4_IRQHandler                          0x080020b9   Thumb Code    40  pwm.o(.text)
    TIM4_Init                                0x080020e1   Thumb Code    98  pwm.o(.text)
    TIM2_Init                                0x08002143   Thumb Code    98  pwm.o(.text)
    close_door                               0x080021a5   Thumb Code    12  pwm.o(.text)
    TIM2_IRQHandler                          0x080021b1   Thumb Code    68  pwm.o(.text)
    TIM3_PWM_Init                            0x080021f5   Thumb Code   132  pwm.o(.text)
    open_door                                0x08002279   Thumb Code    12  pwm.o(.text)
    Time_ConvUnixToCalendar                  0x080022a1   Thumb Code    32  rtc_time.o(.text)
    Time_ConvCalendarToUnix                  0x080022c1   Thumb Code    24  rtc_time.o(.text)
    Time_GetUnixTime                         0x080022d9   Thumb Code     8  rtc_time.o(.text)
    Time_GetCalendarTime                     0x080022e1   Thumb Code    34  rtc_time.o(.text)
    Time_SetUnixTime                         0x08002303   Thumb Code    20  rtc_time.o(.text)
    Time_SetCalendarTime                     0x08002317   Thumb Code    38  rtc_time.o(.text)
    USART_Scanf                              0x080023bf   Thumb Code   210  rtc_time.o(.text)
    Time_Regulate                            0x08002491   Thumb Code    72  rtc_time.o(.text)
    RTC_Init                                 0x080024d9   Thumb Code   110  rtc_time.o(.text)
    Time_Display                             0x08002547   Thumb Code    40  rtc_time.o(.text)
    SysTick_SetReload                        0x0800268d   Thumb Code     8  stm32f10x_systick.o(.text)
    SysTick_CounterCmd                       0x08002695   Thumb Code    54  stm32f10x_systick.o(.text)
    SysTick_ITConfig                         0x080026cb   Thumb Code    38  stm32f10x_systick.o(.text)
    SysTick_GetCounter                       0x080026f1   Thumb Code     8  stm32f10x_systick.o(.text)
    SysTick_GetFlagStatus                    0x080026f9   Thumb Code    46  stm32f10x_systick.o(.text)
    delay_init                               0x08002729   Thumb Code    54  systick.o(.text)
    delay_us                                 0x0800275f   Thumb Code    62  systick.o(.text)
    delay_ms                                 0x0800279d   Thumb Code    74  systick.o(.text)
    USART1_Config                            0x080027f9   Thumb Code   152  usart.o(.text)
    fputc                                    0x08002891   Thumb Code    32  usart.o(.text)
    USART1_Putc                              0x080028b1   Thumb Code    28  usart.o(.text)
    USART1_Puts                              0x080028cd   Thumb Code    38  usart.o(.text)
    USART2_Config                            0x080028f3   Thumb Code   188  usart.o(.text)
    USART2_IRQHandler                        0x080029af   Thumb Code    92  usart.o(.text)
    GPIO_ini                                 0x08002a25   Thumb Code   210  rfid.o(.text)
    InitializeSystem                         0x08002af7   Thumb Code    90  rfid.o(.text)
    findcard                                 0x08002b51   Thumb Code   138  rfid.o(.text)
    WriteRawRC                               0x08002c05   Thumb Code   162  rc522.o(.text)
    ReadRawRC                                0x08002ca7   Thumb Code   152  rc522.o(.text)
    SetBitMask                               0x08002d3f   Thumb Code    28  rc522.o(.text)
    ClearBitMask                             0x08002d5b   Thumb Code    28  rc522.o(.text)
    PcdComMF522                              0x08002d77   Thumb Code   306  rc522.o(.text)
    PcdRequest                               0x08002ea9   Thumb Code    84  rc522.o(.text)
    PcdAnticoll                              0x08002efd   Thumb Code   112  rc522.o(.text)
    CalulateCRC                              0x08002f6d   Thumb Code   108  rc522.o(.text)
    PcdSelect                                0x08002fd9   Thumb Code   118  rc522.o(.text)
    PcdAuthState                             0x0800304f   Thumb Code   110  rc522.o(.text)
    PcdRead                                  0x080030bd   Thumb Code    84  rc522.o(.text)
    PcdWrite                                 0x08003111   Thumb Code   146  rc522.o(.text)
    PcdHalt                                  0x080031a3   Thumb Code    50  rc522.o(.text)
    delay_10ms                               0x080031d5   Thumb Code    26  rc522.o(.text)
    PcdReset                                 0x080031ef   Thumb Code   176  rc522.o(.text)
    PcdAntennaOn                             0x0800329f   Thumb Code    26  rc522.o(.text)
    M500PcdConfigISOType                     0x080032b9   Thumb Code    92  rc522.o(.text)
    PcdAntennaOff                            0x08003315   Thumb Code    12  rc522.o(.text)
    WaitCardOff                              0x08003321   Thumb Code    50  rc522.o(.text)
    mktime                                   0x0800335d   Thumb Code   150  mktime.o(.text)
    __aeabi_memcpy                           0x08003405   Thumb Code    36  memcpya.o(.text)
    __aeabi_memcpy4                          0x08003405   Thumb Code     0  memcpya.o(.text)
    __aeabi_memcpy8                          0x08003405   Thumb Code     0  memcpya.o(.text)
    __aeabi_memset                           0x08003429   Thumb Code    14  memseta.o(.text)
    __aeabi_memset4                          0x08003429   Thumb Code     0  memseta.o(.text)
    __aeabi_memset8                          0x08003429   Thumb Code     0  memseta.o(.text)
    __aeabi_memclr                           0x08003437   Thumb Code     4  memseta.o(.text)
    __aeabi_memclr4                          0x08003437   Thumb Code     0  memseta.o(.text)
    __aeabi_memclr8                          0x08003437   Thumb Code     0  memseta.o(.text)
    _memset$wrapper                          0x0800343b   Thumb Code    18  memseta.o(.text)
    __aeabi_uldivmod                         0x0800344d   Thumb Code    98  uldiv.o(.text)
    localtime                                0x080034b1   Thumb Code     6  localtime_w.o(.text)
    _localtime                               0x080034bd   Thumb Code   134  localtime_i.o(.text)
    __scatterload                            0x08003549   Thumb Code    28  init.o(.text)
    __scatterload_rt2                        0x08003549   Thumb Code     0  init.o(.text)
    __aeabi_llsl                             0x0800356d   Thumb Code    30  llshl.o(.text)
    _ll_shift_l                              0x0800356d   Thumb Code     0  llshl.o(.text)
    __aeabi_llsr                             0x0800358b   Thumb Code    32  llushr.o(.text)
    _ll_ushift_r                             0x0800358b   Thumb Code     0  llushr.o(.text)
    __0printf$8                              0x080035ad   Thumb Code    22  printf8.o(i.__0printf$8)
    __1printf$8                              0x080035ad   Thumb Code     0  printf8.o(i.__0printf$8)
    __2printf                                0x080035ad   Thumb Code     0  printf8.o(i.__0printf$8)
    __scatterload_copy                       0x080035cd   Thumb Code    14  handlers.o(i.__scatterload_copy)
    __scatterload_null                       0x080035db   Thumb Code     2  handlers.o(i.__scatterload_null)
    __scatterload_zeroinit                   0x080035dd   Thumb Code    14  handlers.o(i.__scatterload_zeroinit)
    Region$$Table$$Base                      0x08003aac   Number         0  anon$$obj.o(Region$$Table)
    Region$$Table$$Limit                     0x08003acc   Number         0  anon$$obj.o(Region$$Table)
    nTime                                    0x20000000   Data           2  stm32f10x_it.o(.data)
    SystemCoreClock                          0x20000020   Data           4  system_stm32f10x.o(.data)
    AHBPrescTable                            0x20000024   Data          16  system_stm32f10x.o(.data)
    USART2_RX_STA                            0x2000003c   Data           2  usart.o(.data)
    snr                                      0x2000003e   Data           1  rfid.o(.data)
    buf                                      0x2000003f   Data          16  rfid.o(.data)
    TagType                                  0x2000004f   Data           2  rfid.o(.data)
    SelectedSnr                              0x20000051   Data           4  rfid.o(.data)
    DefaultKey                               0x20000055   Data           6  rfid.o(.data)
    PassWd                                   0x2000005b   Data           6  rfid.o(.data)
    MLastSelectedSnr                         0x20000061   Data           4  rfid.o(.data)
    cardID                                   0x20000065   Data           4  rfid.o(.data)
    __stdout                                 0x2000006c   Data           4  stdout.o(.data)
    USART2_RX_BUF                            0x20000070   Data         400  usart.o(.bss)
    USART2_TX_BUF                            0x20000200   Data         400  usart.o(.bss)
    bufr                                     0x20000390   Data          16  rfid.o(.bss)
    Read_Data                                0x200003a0   Data          16  rfid.o(.bss)
    WriteData                                0x200003b0   Data          16  rfid.o(.bss)
    RevBuffer                                0x200003c0   Data          30  rfid.o(.bss)
    NewKey                                   0x200003de   Data          16  rfid.o(.bss)
    __initial_sp                             0x20000820   Data           0  startup_stm32f10x_md.o(STACK)



==============================================================================

Memory Map of the image

  Image Entry point : 0x080000ed

  Load Region LR_IROM1 (Base: 0x08000000, Size: 0x00003b3c, Max: 0x00010000, ABSOLUTE)

    Execution Region ER_IROM1 (Base: 0x08000000, Size: 0x00003acc, Max: 0x00010000, ABSOLUTE)

    Base Addr    Size         Type   Attr      Idx    E Section Name        Object

    0x08000000   0x000000ec   Data   RO            3    RESET               startup_stm32f10x_md.o
    0x080000ec   0x00000000   Code   RO          712  * .ARM.Collect$$$$00000000  mc_w.l(entry.o)
    0x080000ec   0x00000004   Code   RO          991    .ARM.Collect$$$$00000001  mc_w.l(entry2.o)
    0x080000f0   0x00000004   Code   RO          994    .ARM.Collect$$$$00000004  mc_w.l(entry5.o)
    0x080000f4   0x00000000   Code   RO          996    .ARM.Collect$$$$00000008  mc_w.l(entry7b.o)
    0x080000f4   0x00000000   Code   RO          998    .ARM.Collect$$$$0000000A  mc_w.l(entry8b.o)
    0x080000f4   0x00000008   Code   RO          999    .ARM.Collect$$$$0000000B  mc_w.l(entry9a.o)
    0x080000fc   0x00000000   Code   RO         1001    .ARM.Collect$$$$0000000D  mc_w.l(entry10a.o)
    0x080000fc   0x00000000   Code   RO         1003    .ARM.Collect$$$$0000000F  mc_w.l(entry11a.o)
    0x080000fc   0x00000004   Code   RO          992    .ARM.Collect$$$$00002712  mc_w.l(entry2.o)
    0x08000100   0x00000024   Code   RO            4    .text               startup_stm32f10x_md.o
    0x08000124   0x00000048   Code   RO           10    .text               main.o
    0x0800016c   0x00000094   Code   RO          145    .text               stm32f10x_it.o
    0x08000200   0x000000dc   Code   RO          229    .text               misc.o
    0x080002dc   0x000000c4   Code   RO          253    .text               stm32f10x_bkp.o
    0x080003a0   0x0000035c   Code   RO          376    .text               stm32f10x_gpio.o
    0x080006fc   0x000000cc   Code   RO          412    .text               stm32f10x_pwr.o
    0x080007c8   0x000003a4   Code   RO          424    .text               stm32f10x_rcc.o
    0x08000b6c   0x00000148   Code   RO          438    .text               stm32f10x_rtc.o
    0x08000cb4   0x00000e1a   Code   RO          474    .text               stm32f10x_tim.o
    0x08001ace   0x00000002   PAD
    0x08001ad0   0x00000408   Code   RO          486    .text               stm32f10x_usart.o
    0x08001ed8   0x000001e0   Code   RO          510    .text               system_stm32f10x.o
    0x080020b8   0x000001e8   Code   RO          559    .text               pwm.o
    0x080022a0   0x000003ec   Code   RO          573    .text               rtc_time.o
    0x0800268c   0x0000009a   Code   RO          601    .text               stm32f10x_systick.o
    0x08002726   0x00000002   PAD
    0x08002728   0x000000d0   Code   RO          616    .text               systick.o
    0x080027f8   0x0000022c   Code   RO          630    .text               usart.o
    0x08002a24   0x000001e0   Code   RO          649    .text               rfid.o
    0x08002c04   0x00000758   Code   RO          671    .text               rc522.o
    0x0800335c   0x000000a8   Code   RO          719    .text               mc_w.l(mktime.o)
    0x08003404   0x00000024   Code   RO          722    .text               mc_w.l(memcpya.o)
    0x08003428   0x00000024   Code   RO          724    .text               mc_w.l(memseta.o)
    0x0800344c   0x00000062   Code   RO         1008    .text               mc_w.l(uldiv.o)
    0x080034ae   0x00000002   PAD
    0x080034b0   0x0000000c   Code   RO         1010    .text               mc_w.l(localtime_w.o)
    0x080034bc   0x0000008c   Code   RO         1013    .text               mc_w.l(localtime_i.o)
    0x08003548   0x00000024   Code   RO         1027    .text               mc_w.l(init.o)
    0x0800356c   0x0000001e   Code   RO         1029    .text               mc_w.l(llshl.o)
    0x0800358a   0x00000020   Code   RO         1031    .text               mc_w.l(llushr.o)
    0x080035aa   0x00000002   PAD
    0x080035ac   0x00000020   Code   RO          937    i.__0printf$8       mc_w.l(printf8.o)
    0x080035cc   0x0000000e   Code   RO         1039    i.__scatterload_copy  mc_w.l(handlers.o)
    0x080035da   0x00000002   Code   RO         1040    i.__scatterload_null  mc_w.l(handlers.o)
    0x080035dc   0x0000000e   Code   RO         1041    i.__scatterload_zeroinit  mc_w.l(handlers.o)
    0x080035ea   0x00000002   PAD
    0x080035ec   0x00000410   Code   RO          944    i._printf_core      mc_w.l(printf8.o)
    0x080039fc   0x00000024   Code   RO          945    i._printf_post_padding  mc_w.l(printf8.o)
    0x08003a20   0x0000002e   Code   RO          946    i._printf_pre_padding  mc_w.l(printf8.o)
    0x08003a4e   0x0000000c   Data   RO          720    .constdata          mc_w.l(mktime.o)
    0x08003a5a   0x0000000c   Data   RO         1014    .constdata          mc_w.l(localtime_i.o)
    0x08003a66   0x00000002   PAD
    0x08003a68   0x00000044   Data   RO          574    .conststring        rtc_time.o
    0x08003aac   0x00000020   Data   RO         1037    Region$$Table       anon$$obj.o


    Execution Region RW_IRAM1 (Base: 0x20000000, Size: 0x00000820, Max: 0x00005000, ABSOLUTE)

    Base Addr    Size         Type   Attr      Idx    E Section Name        Object

    0x20000000   0x00000009   Data   RW          146    .data               stm32f10x_it.o
    0x20000009   0x00000014   Data   RW          425    .data               stm32f10x_rcc.o
    0x2000001d   0x00000003   PAD
    0x20000020   0x00000014   Data   RW          511    .data               system_stm32f10x.o
    0x20000034   0x00000001   Data   RW          560    .data               pwm.o
    0x20000035   0x00000001   PAD
    0x20000036   0x00000005   Data   RW          617    .data               systick.o
    0x2000003b   0x00000001   PAD
    0x2000003c   0x00000002   Data   RW          632    .data               usart.o
    0x2000003e   0x0000002b   Data   RW          651    .data               rfid.o
    0x20000069   0x00000003   PAD
    0x2000006c   0x00000004   Data   RW         1005    .data               mc_w.l(stdout.o)
    0x20000070   0x00000320   Zero   RW          631    .bss                usart.o
    0x20000390   0x0000005e   Zero   RW          650    .bss                rfid.o
    0x200003ee   0x00000002   PAD
    0x200003f0   0x0000002c   Zero   RW         1011    .bss                mc_w.l(localtime_w.o)
    0x2000041c   0x00000004   PAD
    0x20000420   0x00000400   Zero   RW            1    STACK               startup_stm32f10x_md.o


==============================================================================

Image component sizes


      Code (inc. data)   RO Data    RW Data    ZI Data      Debug   Object Name

        72         10          0          0          0       6167   main.o
       220         22          0          0          0       1881   misc.o
       488         28          0          1          0       1729   pwm.o
      1880         14          0          0          0       6054   rc522.o
       480         42          0         43         94       1971   rfid.o
      1004        286         68          0          0       3198   rtc_time.o
        36          8        236          0       1024        916   startup_stm32f10x_md.o
       196          8          0          0          0       3544   stm32f10x_bkp.o
       860         38          0          0          0       5729   stm32f10x_gpio.o
       148         22          0          9          0     250045   stm32f10x_it.o
       204         14          0          0          0       1947   stm32f10x_pwr.o
       932         36          0         20          0       8908   stm32f10x_rcc.o
       328          4          0          0          0       2698   stm32f10x_rtc.o
       154          0          0          0          0       1377   stm32f10x_systick.o
      3610         88          0          0          0      22212   stm32f10x_tim.o
      1032         22          0          0          0       8452   stm32f10x_usart.o
       480         38          0         20          0       1995   system_stm32f10x.o
       208         18          0          5          0       1119   systick.o
       556         26          0          2        800       2318   usart.o

    ----------------------------------------------------------------------
     12892        724        336        108       1920     332260   Object Totals
         0          0         32          0          0          0   (incl. Generated)
         4          0          0          8          2          0   (incl. Padding)

    ----------------------------------------------------------------------

      Code (inc. data)   RO Data    RW Data    ZI Data      Debug   Library Member Name

         0          0          0          0          0          0   entry.o
         0          0          0          0          0          0   entry10a.o
         0          0          0          0          0          0   entry11a.o
         8          4          0          0          0          0   entry2.o
         4          0          0          0          0          0   entry5.o
         0          0          0          0          0          0   entry7b.o
         0          0          0          0          0          0   entry8b.o
         8          4          0          0          0          0   entry9a.o
        30          0          0          0          0          0   handlers.o
        36          8          0          0          0         68   init.o
        30          0          0          0          0         68   llshl.o
        32          0          0          0          0         68   llushr.o
       140          6         12          0          0         76   localtime_i.o
        12          6          0          0         44         68   localtime_w.o
        36          0          0          0          0         68   memcpya.o
        36          0          0          0          0        108   memseta.o
       168         18         12          0          0         80   mktime.o
      1154         54          0          0          0        352   printf8.o
         0          0          0          4          0          0   stdout.o
        98          0          0          0          0         92   uldiv.o

    ----------------------------------------------------------------------
      1798        100         26          4         48       1048   Library Totals
         6          0          2          0          4          0   (incl. Padding)

    ----------------------------------------------------------------------

      Code (inc. data)   RO Data    RW Data    ZI Data      Debug   Library Name

      1792        100         24          4         44       1048   mc_w.l

    ----------------------------------------------------------------------
      1798        100         26          4         48       1048   Library Totals

    ----------------------------------------------------------------------

==============================================================================


      Code (inc. data)   RO Data    RW Data    ZI Data      Debug   

     14690        824        362        112       1968     331016   Grand Totals
     14690        824        362        112       1968     331016   ELF Image Totals
     14690        824        362        112          0          0   ROM Totals

==============================================================================

    Total RO  Size (Code + RO Data)                15052 (  14.70kB)
    Total RW  Size (RW Data + ZI Data)              2080 (   2.03kB)
    Total ROM Size (Code + RO Data + RW Data)      15164 (  14.81kB)

==============================================================================

