<html>
<body>
<pre>
<h1>礦ision Build Log</h1>
<h2>Tool Versions:</h2>
IDE-Version: μVision V5.14.0.0
Copyright (C) 2015 ARM Ltd and ARM Germany GmbH. All rights reserved.
License Information: likefns Administrator, 123456, LIC=HN0AE-5LA9P-018P1-CKJZK-CYLSV-B8V1I
 
Tool Versions:
Toolchain:       MDK-ARM Standard  Version: 5.14.0.0
Toolchain Path:  C:\Keil_v5\ARM\ARMCC\Bin
C Compiler:      Armcc.exe V5.05 update 1 (build 106)
Assembler:       Armasm.exe V5.05 update 1 (build 106)
Linker/Locator:  ArmLink.exe V5.05 update 1 (build 106)
Library Manager: ArmAr.exe V5.05 update 1 (build 106)
Hex Converter:   FromElf.exe V5.05 update 1 (build 106)
CPU DLL:         SARMCM3.DLL V5.14.0.0
Dialog DLL:      DARMSTM.DLL V1.65.0.0
Target DLL:      STLink\ST-LINKIII-KEIL_SWO.dll V2.0.14.0_KEIL
Dialog DLL:      TARMSTM.DLL V1.64.0.0
 
<h2>Project:</h2>
E:\毕业设计\mould\muold\Project\MDK-ARM\RTC.uvprojx
Project File Date:  03/22/2020

<h2>Output:</h2>
Build target 'RTC'
compiling main.c...
..\main.c(38): warning:  #177-D: variable "pwmval" was declared but never referenced
                u16 pwmval;
..\main.c: 1 warning, 0 errors
linking...
Program Size: Code=11530 RO-data=570 RW-data=64 ZI-data=1072  
FromELF: creating hex file...
".\obj\YD_DEMO.axf" - 0 Error(s), 1 Warning(s).

<h2>Collection of Component include folders:</h2>
  E:\毕业设计\mould\muold\Project\MDK-ARM\RTE
  C:\Keil_v5\ARM\PACK\Keil\STM32F1xx_DFP\2.1.0

<h2>Collection of Component Files used:</h2>
</pre>
</body>
</html>
